Right (Index {iCount = 37, iNextPage = Page 4, iPreviousPage = Page 2, iResults = [HasOrigin (MkSpecies {spName = SpeciesName "Nautolan", spClassification = AmphibianClass, spDesignation = SentientDesignation, spAverageHeight = AverageHeight 180, spSkinColors = [GreenSkin,BlueSkin,BrownSkin,RedSkin], spHairColors = [NoHairColor], spEyeColors = [BlackEye], spAverageLifespan = Lifespan 70, spHomeworld = PlanetId 44, spLanguage = Nautila, spPeople = [PersonId 53], spFilms = [FilmId 4], spCreatedAt = 2014-12-20 10:18:58.61 UTC, spEditedAt = 2014-12-20 21:36:42.181 UTC, spId = SpeciesId 21}),HasOrigin (MkSpecies {spName = SpeciesName "Zabrak", spClassification = MammalClass, spDesignation = SentientDesignation, spAverageHeight = AverageHeight 180, spSkinColors = [PaleSkin,BrownSkin,RedSkin,OrangeSkin,YellowSkin], spHairColors = [BlackHair], spEyeColors = [BrownEye,OrangeEye], spAverageLifespan = UnknownLifespan, spHomeworld = PlanetId 45, spLanguage = Zabraki, spPeople = [PersonId 44,PersonId 54], spFilms = [FilmId 4], spCreatedAt = 2014-12-20 10:26:59.894 UTC, spEditedAt = 2014-12-20 21:36:42.183 UTC, spId = SpeciesId 22}),HasOrigin (MkSpecies {spName = SpeciesName "Tholothian", spClassification = MammalClass, spDesignation = SentientDesignation, spAverageHeight = AverageHeightUnknown, spSkinColors = [DarkSkin], spHairColors = [UnknownHairColor], spEyeColors = [BlueEye,IndigoEye], spAverageLifespan = UnknownLifespan, spHomeworld = PlanetId 46, spLanguage = UnknownLanguage, spPeople = [PersonId 55], spFilms = [FilmId 4,FilmId 6], spCreatedAt = 2014-12-20 10:29:13.798 UTC, spEditedAt = 2014-12-20 21:36:42.186 UTC, spId = SpeciesId 23}),HasOrigin (MkSpecies {spName = SpeciesName "Iktotchi", spClassification = UnknownClass, spDesignation = SentientDesignation, spAverageHeight = AverageHeight 180, spSkinColors = [PinkSkin], spHairColors = [NoHairColor], spEyeColors = [OrangeEye], spAverageLifespan = UnknownLifespan, spHomeworld = PlanetId 47, spLanguage = Iktotchese, spPeople = [PersonId 56], spFilms = [FilmId 4,FilmId 6], spCreatedAt = 2014-12-20 10:32:13.046 UTC, spEditedAt = 2014-12-20 21:36:42.188 UTC, spId = SpeciesId 24}),HasOrigin (MkSpecies {spName = SpeciesName "Quermian", spClassification = MammalClass, spDesignation = SentientDesignation, spAverageHeight = AverageHeight 240, spSkinColors = [WhiteSkin], spHairColors = [NoHairColor], spEyeColors = [YellowEye], spAverageLifespan = Lifespan 86, spHomeworld = PlanetId 48, spLanguage = Quermian, spPeople = [PersonId 57], spFilms = [FilmId 4,FilmId 6], spCreatedAt = 2014-12-20 10:34:50.827 UTC, spEditedAt = 2014-12-20 21:36:42.189 UTC, spId = SpeciesId 25}),HasOrigin (MkSpecies {spName = SpeciesName "Kel Dor", spClassification = UnknownClass, spDesignation = SentientDesignation, spAverageHeight = AverageHeight 180, spSkinColors = [PeachSkin,OrangeSkin,RedSkin], spHairColors = [NoHairColor], spEyeColors = [BlackEye,SilverEye], spAverageLifespan = Lifespan 70, spHomeworld = PlanetId 49, spLanguage = KelDor, spPeople = [PersonId 58], spFilms = [FilmId 4,FilmId 6], spCreatedAt = 2014-12-20 10:49:21.692 UTC, spEditedAt = 2014-12-20 21:36:42.191 UTC, spId = SpeciesId 26}),HasOrigin (MkSpecies {spName = SpeciesName "Chagrian", spClassification = AmphibianClass, spDesignation = SentientDesignation, spAverageHeight = AverageHeight 190, spSkinColors = [BlueSkin], spHairColors = [NoHairColor], spEyeColors = [BlueEye], spAverageLifespan = UnknownLifespan, spHomeworld = PlanetId 50, spLanguage = Chagria, spPeople = [PersonId 59], spFilms = [FilmId 4,FilmId 6], spCreatedAt = 2014-12-20 10:53:28.795 UTC, spEditedAt = 2014-12-20 21:36:42.193 UTC, spId = SpeciesId 27}),HasOrigin (MkSpecies {spName = SpeciesName "Geonosian", spClassification = InsectoidClass, spDesignation = SentientDesignation, spAverageHeight = AverageHeight 178, spSkinColors = [GreenSkin,BrownSkin], spHairColors = [NoHairColor], spEyeColors = [GreenEye,HazelEye], spAverageLifespan = UnknownLifespan, spHomeworld = PlanetId 11, spLanguage = Geonosian, spPeople = [PersonId 63], spFilms = [FilmId 5,FilmId 6], spCreatedAt = 2014-12-20 16:40:45.618 UTC, spEditedAt = 2014-12-20 21:36:42.195 UTC, spId = SpeciesId 28}),HasOrigin (MkSpecies {spName = SpeciesName "Mirialan", spClassification = MammalClass, spDesignation = SentientDesignation, spAverageHeight = AverageHeight 180, spSkinColors = [YellowSkin,GreenSkin], spHairColors = [BlackHair,BrownHair], spEyeColors = [BlueEye,GreenEye,RedEye,YellowEye,BrownEye,OrangeEye], spAverageLifespan = UnknownLifespan, spHomeworld = PlanetId 51, spLanguage = Mirialan, spPeople = [PersonId 64,PersonId 65], spFilms = [FilmId 5,FilmId 6], spCreatedAt = 2014-12-20 16:46:48.29 UTC, spEditedAt = 2014-12-20 21:36:42.197 UTC, spId = SpeciesId 29}),HasOrigin (MkSpecies {spName = SpeciesName "Clawdite", spClassification = ReptileClass, spDesignation = SentientDesignation, spAverageHeight = AverageHeight 180, spSkinColors = [GreenSkin,YellowSkin], spHairColors = [NoHairColor], spEyeColors = [YellowEye], spAverageLifespan = Lifespan 70, spHomeworld = PlanetId 54, spLanguage = Clawdite, spPeople = [PersonId 70], spFilms = [FilmId 5,FilmId 6], spCreatedAt = 2014-12-20 16:57:46.171 UTC, spEditedAt = 2014-12-20 21:36:42.199 UTC, spId = SpeciesId 30})]})