Right (Index {iCount = 6, iNextPage = NoPage, iPreviousPage = NoPage, iResults = [Film {fTitle = "A New Hope", fEpisodeId = 4, fOpeningCrawl = OpeningCrawl "It is a period of civil war.\r\nRebel spaceships, striking\r\nfrom a hidden base, have won\r\ntheir first victory against\r\nthe evil Galactic Empire.\r\n\r\nDuring the battle, Rebel\r\nspies managed to steal secret\r\nplans to the Empire's\r\nultimate weapon, the DEATH\r\nSTAR, an armored space\r\nstation with enough power\r\nto destroy an entire planet.\r\n\r\nPursued by the Empire's\r\nsinister agents, Princess\r\nLeia races home aboard her\r\nstarship, custodian of the\r\nstolen plans that can save her\r\npeople and restore\r\nfreedom to the galaxy....", fDirector = Director "George Lucas", fProducers = [Producer "Gary Kurtz",Producer "Rick McCallum"], fReleaseDate = 1977-05-25, fCharacters = [PersonId 1,PersonId 2,PersonId 3,PersonId 4,PersonId 5,PersonId 6,PersonId 7,PersonId 8,PersonId 9,PersonId 10,PersonId 12,PersonId 13,PersonId 14,PersonId 15,PersonId 16,PersonId 18,PersonId 19,PersonId 81], fPlanets = [HomeworldId 1,HomeworldId 2,HomeworldId 3], fStarships = [StarshipId 2,StarshipId 3,StarshipId 5,StarshipId 9,StarshipId 10,StarshipId 11,StarshipId 12,StarshipId 13], fVehicles = [VehicleId 4,VehicleId 6,VehicleId 7,VehicleId 8], fSpecies = [SpeciesId 1,SpeciesId 2,SpeciesId 3,SpeciesId 4,SpeciesId 5], fCreatedAt = 2014-12-10 14:23:31.88 UTC, fEditedAt = 2014-12-20 19:49:45.256 UTC, fId = FilmId 1},Film {fTitle = "The Empire Strikes Back", fEpisodeId = 5, fOpeningCrawl = OpeningCrawl "It is a dark time for the\r\nRebellion. Although the Death\r\nStar has been destroyed,\r\nImperial troops have driven the\r\nRebel forces from their hidden\r\nbase and pursued them across\r\nthe galaxy.\r\n\r\nEvading the dreaded Imperial\r\nStarfleet, a group of freedom\r\nfighters led by Luke Skywalker\r\nhas established a new secret\r\nbase on the remote ice world\r\nof Hoth.\r\n\r\nThe evil lord Darth Vader,\r\nobsessed with finding young\r\nSkywalker, has dispatched\r\nthousands of remote probes into\r\nthe far reaches of space....", fDirector = Director "Irvin Kershner", fProducers = [Producer "Gary Kurtz",Producer "Rick McCallum"], fReleaseDate = 1980-05-17, fCharacters = [PersonId 1,PersonId 2,PersonId 3,PersonId 4,PersonId 5,PersonId 10,PersonId 13,PersonId 14,PersonId 18,PersonId 20,PersonId 21,PersonId 22,PersonId 23,PersonId 24,PersonId 25,PersonId 26], fPlanets = [HomeworldId 4,HomeworldId 5,HomeworldId 6,HomeworldId 27], fStarships = [StarshipId 3,StarshipId 10,StarshipId 11,StarshipId 12,StarshipId 15,StarshipId 17,StarshipId 21,StarshipId 22,StarshipId 23], fVehicles = [VehicleId 8,VehicleId 14,VehicleId 16,VehicleId 18,VehicleId 19,VehicleId 20], fSpecies = [SpeciesId 1,SpeciesId 2,SpeciesId 3,SpeciesId 6,SpeciesId 7], fCreatedAt = 2014-12-12 11:26:24.656 UTC, fEditedAt = 2014-12-15 13:07:53.386 UTC, fId = FilmId 2},Film {fTitle = "Return of the Jedi", fEpisodeId = 6, fOpeningCrawl = OpeningCrawl "Luke Skywalker has returned to\r\nhis home planet of Tatooine in\r\nan attempt to rescue his\r\nfriend Han Solo from the\r\nclutches of the vile gangster\r\nJabba the Hutt.\r\n\r\nLittle does Luke know that the\r\nGALACTIC EMPIRE has secretly\r\nbegun construction on a new\r\narmored space station even\r\nmore powerful than the first\r\ndreaded Death Star.\r\n\r\nWhen completed, this ultimate\r\nweapon will spell certain doom\r\nfor the small band of rebels\r\nstruggling to restore freedom\r\nto the galaxy...", fDirector = Director "Richard Marquand", fProducers = [Producer "Howard G. Kazanjian",Producer "George Lucas",Producer "Rick McCallum"], fReleaseDate = 1983-05-25, fCharacters = [PersonId 1,PersonId 2,PersonId 3,PersonId 4,PersonId 5,PersonId 10,PersonId 13,PersonId 14,PersonId 16,PersonId 18,PersonId 20,PersonId 21,PersonId 22,PersonId 25,PersonId 27,PersonId 28,PersonId 29,PersonId 30,PersonId 31,PersonId 45], fPlanets = [HomeworldId 1,HomeworldId 5,HomeworldId 7,HomeworldId 8,HomeworldId 9], fStarships = [StarshipId 2,StarshipId 3,StarshipId 10,StarshipId 11,StarshipId 12,StarshipId 15,StarshipId 17,StarshipId 22,StarshipId 23,StarshipId 27,StarshipId 28,StarshipId 29], fVehicles = [VehicleId 8,VehicleId 16,VehicleId 18,VehicleId 19,VehicleId 24,VehicleId 25,VehicleId 26,VehicleId 30], fSpecies = [SpeciesId 1,SpeciesId 2,SpeciesId 3,SpeciesId 5,SpeciesId 6,SpeciesId 8,SpeciesId 9,SpeciesId 10,SpeciesId 15], fCreatedAt = 2014-12-18 10:39:33.255 UTC, fEditedAt = 2014-12-20 09:48:37.462 UTC, fId = FilmId 3},Film {fTitle = "The Phantom Menace", fEpisodeId = 1, fOpeningCrawl = OpeningCrawl "Turmoil has engulfed the\r\nGalactic Republic. The taxation\r\nof trade routes to outlying star\r\nsystems is in dispute.\r\n\r\nHoping to resolve the matter\r\nwith a blockade of deadly\r\nbattleships, the greedy Trade\r\nFederation has stopped all\r\nshipping to the small planet\r\nof Naboo.\r\n\r\nWhile the Congress of the\r\nRepublic endlessly debates\r\nthis alarming chain of events,\r\nthe Supreme Chancellor has\r\nsecretly dispatched two Jedi\r\nKnights, the guardians of\r\npeace and justice in the\r\ngalaxy, to settle the conflict....", fDirector = Director "George Lucas", fProducers = [Producer "Rick McCallum"], fReleaseDate = 1999-05-19, fCharacters = [PersonId 2,PersonId 3,PersonId 10,PersonId 11,PersonId 16,PersonId 20,PersonId 21,PersonId 32,PersonId 33,PersonId 34,PersonId 35,PersonId 36,PersonId 37,PersonId 38,PersonId 39,PersonId 40,PersonId 41,PersonId 42,PersonId 43,PersonId 44,PersonId 46,PersonId 47,PersonId 48,PersonId 49,PersonId 50,PersonId 51,PersonId 52,PersonId 53,PersonId 54,PersonId 55,PersonId 56,PersonId 57,PersonId 58,PersonId 59], fPlanets = [HomeworldId 1,HomeworldId 8,HomeworldId 9], fStarships = [StarshipId 31,StarshipId 32,StarshipId 39,StarshipId 40,StarshipId 41], fVehicles = [VehicleId 33,VehicleId 34,VehicleId 35,VehicleId 36,VehicleId 37,VehicleId 38,VehicleId 42], fSpecies = [SpeciesId 1,SpeciesId 2,SpeciesId 6,SpeciesId 11,SpeciesId 12,SpeciesId 13,SpeciesId 14,SpeciesId 15,SpeciesId 16,SpeciesId 17,SpeciesId 18,SpeciesId 19,SpeciesId 20,SpeciesId 21,SpeciesId 22,SpeciesId 23,SpeciesId 24,SpeciesId 25,SpeciesId 26,SpeciesId 27], fCreatedAt = 2014-12-19 16:52:55.74 UTC, fEditedAt = 2014-12-20 10:54:07.216 UTC, fId = FilmId 4},Film {fTitle = "Attack of the Clones", fEpisodeId = 2, fOpeningCrawl = OpeningCrawl "There is unrest in the Galactic\r\nSenate. Several thousand solar\r\nsystems have declared their\r\nintentions to leave the Republic.\r\n\r\nThis separatist movement,\r\nunder the leadership of the\r\nmysterious Count Dooku, has\r\nmade it difficult for the limited\r\nnumber of Jedi Knights to maintain \r\npeace and order in the galaxy.\r\n\r\nSenator Amidala, the former\r\nQueen of Naboo, is returning\r\nto the Galactic Senate to vote\r\non the critical issue of creating\r\nan ARMY OF THE REPUBLIC\r\nto assist the overwhelmed\r\nJedi....", fDirector = Director "George Lucas", fProducers = [Producer "Rick McCallum"], fReleaseDate = 2002-05-16, fCharacters = [PersonId 2,PersonId 3,PersonId 6,PersonId 7,PersonId 10,PersonId 11,PersonId 20,PersonId 21,PersonId 22,PersonId 33,PersonId 35,PersonId 36,PersonId 40,PersonId 43,PersonId 46,PersonId 51,PersonId 52,PersonId 53,PersonId 58,PersonId 59,PersonId 60,PersonId 61,PersonId 62,PersonId 63,PersonId 64,PersonId 65,PersonId 66,PersonId 67,PersonId 68,PersonId 69,PersonId 70,PersonId 71,PersonId 72,PersonId 73,PersonId 74,PersonId 75,PersonId 76,PersonId 77,PersonId 78,PersonId 82], fPlanets = [HomeworldId 1,HomeworldId 8,HomeworldId 9,HomeworldId 10,HomeworldId 11], fStarships = [StarshipId 21,StarshipId 32,StarshipId 39,StarshipId 43,StarshipId 47,StarshipId 48,StarshipId 49,StarshipId 52,StarshipId 58], fVehicles = [VehicleId 4,VehicleId 44,VehicleId 45,VehicleId 46,VehicleId 50,VehicleId 51,VehicleId 53,VehicleId 54,VehicleId 55,VehicleId 56,VehicleId 57], fSpecies = [SpeciesId 1,SpeciesId 2,SpeciesId 6,SpeciesId 12,SpeciesId 13,SpeciesId 15,SpeciesId 28,SpeciesId 29,SpeciesId 30,SpeciesId 31,SpeciesId 32,SpeciesId 33,SpeciesId 34,SpeciesId 35], fCreatedAt = 2014-12-20 10:57:57.886 UTC, fEditedAt = 2014-12-20 20:18:48.516 UTC, fId = FilmId 5},Film {fTitle = "Revenge of the Sith", fEpisodeId = 3, fOpeningCrawl = OpeningCrawl "War! The Republic is crumbling\r\nunder attacks by the ruthless\r\nSith Lord, Count Dooku.\r\nThere are heroes on both sides.\r\nEvil is everywhere.\r\n\r\nIn a stunning move, the\r\nfiendish droid leader, General\r\nGrievous, has swept into the\r\nRepublic capital and kidnapped\r\nChancellor Palpatine, leader of\r\nthe Galactic Senate.\r\n\r\nAs the Separatist Droid Army\r\nattempts to flee the besieged\r\ncapital with their valuable\r\nhostage, two Jedi Knights lead a\r\ndesperate mission to rescue the\r\ncaptive Chancellor....", fDirector = Director "George Lucas", fProducers = [Producer "Rick McCallum"], fReleaseDate = 2005-05-19, fCharacters = [PersonId 1,PersonId 2,PersonId 3,PersonId 4,PersonId 5,PersonId 6,PersonId 7,PersonId 10,PersonId 11,PersonId 12,PersonId 13,PersonId 20,PersonId 21,PersonId 33,PersonId 35,PersonId 46,PersonId 51,PersonId 52,PersonId 53,PersonId 54,PersonId 55,PersonId 56,PersonId 58,PersonId 63,PersonId 64,PersonId 67,PersonId 68,PersonId 75,PersonId 78,PersonId 79,PersonId 80,PersonId 81,PersonId 82,PersonId 83], fPlanets = [HomeworldId 1,HomeworldId 2,HomeworldId 5,HomeworldId 8,HomeworldId 9,HomeworldId 12,HomeworldId 13,HomeworldId 14,HomeworldId 15,HomeworldId 16,HomeworldId 17,HomeworldId 18,HomeworldId 19], fStarships = [StarshipId 2,StarshipId 32,StarshipId 48,StarshipId 59,StarshipId 61,StarshipId 63,StarshipId 64,StarshipId 65,StarshipId 66,StarshipId 68,StarshipId 74,StarshipId 75], fVehicles = [VehicleId 33,VehicleId 50,VehicleId 53,VehicleId 56,VehicleId 60,VehicleId 62,VehicleId 67,VehicleId 69,VehicleId 70,VehicleId 71,VehicleId 72,VehicleId 73,VehicleId 76], fSpecies = [SpeciesId 1,SpeciesId 2,SpeciesId 3,SpeciesId 6,SpeciesId 15,SpeciesId 19,SpeciesId 20,SpeciesId 23,SpeciesId 24,SpeciesId 25,SpeciesId 26,SpeciesId 27,SpeciesId 28,SpeciesId 29,SpeciesId 30,SpeciesId 33,SpeciesId 34,SpeciesId 35,SpeciesId 36,SpeciesId 37], fCreatedAt = 2014-12-20 18:49:38.403 UTC, fEditedAt = 2014-12-20 20:47:52.073 UTC, fId = FilmId 6}]})