{"next":"https://swapi.dev/api/people/?format=json&page=3","results":[{"length":"21.5","starship_class":"Patrol Craft","MGLT":"70","films":["https://swapi.dev/api/films/2/","https://swapi.dev/api/films/5/"],"pilots":["https://swapi.dev/api/people/22/"],"url":"https://swapi.dev/api/starships/21/","passengers":"6","name":"\"Slave 1\"","model":"\"Firespray-31-class patrol and attack\"","edited":"2014-12-20T21:23:49.897Z","cargo_capacity":"70000","manufacturer":"\"Kuat Systems Engineering\"","cost_in_credits":"unknown","consumables":"1 month","created":"2014-12-15T13:00:56.332Z","hyperdrive_rating":"3.0","max_atmosphering_speed":"1000","crew":"1"},{"length":"20.0","starship_class":"Armed Government Transport","MGLT":"50","films":["https://swapi.dev/api/films/2/","https://swapi.dev/api/films/3/"],"pilots":["https://swapi.dev/api/people/1/","https://swapi.dev/api/people/13/","https://swapi.dev/api/people/14/"],"url":"https://swapi.dev/api/starships/22/","passengers":"20","name":"\"Imperial shuttle\"","model":"\"Lambda-class T-4a shuttle\"","edited":"2014-12-20T21:23:49.9Z","cargo_capacity":"80000","manufacturer":"\"Sienar Fleet Systems\"","cost_in_credits":"240000","consumables":"2 months","created":"2014-12-15T13:04:47.235Z","hyperdrive_rating":"1.0","max_atmosphering_speed":"850","crew":"6"},{"length":"300.0","starship_class":"Escort Ship","MGLT":"40","films":["https://swapi.dev/api/films/2/","https://swapi.dev/api/films/3/"],"pilots":[],"url":"https://swapi.dev/api/starships/23/","passengers":"75","name":"\"EF76 Nebulon-B escort frigate\"","model":"\"EF76 Nebulon-B escort frigate\"","edited":"2014-12-20T21:23:49.902Z","cargo_capacity":"6000000","manufacturer":"\"Kuat Drive Yards\"","cost_in_credits":"8500000","consumables":"2 years","created":"2014-12-15T13:06:30.813Z","hyperdrive_rating":"2.0","max_atmosphering_speed":"800","crew":"854"},{"length":"1200.0","starship_class":"Star Cruiser","MGLT":"60","films":["https://swapi.dev/api/films/3/"],"pilots":[],"url":"https://swapi.dev/api/starships/27/","passengers":"1200","name":"\"Calamari Cruiser\"","model":"\"MC80 Liberty type Star Cruiser\"","edited":"2014-12-20T21:23:49.904Z","cargo_capacity":"unknown","manufacturer":"\"Mon Calamari shipyards\"","cost_in_credits":"104000000","consumables":"2 years","created":"2014-12-18T10:54:57.804Z","hyperdrive_rating":"1.0","max_atmosphering_speed":"n/a","crew":"5400"},{"length":"9.6","starship_class":"Starfighter","MGLT":"120","films":["https://swapi.dev/api/films/3/"],"pilots":["https://swapi.dev/api/people/29/"],"url":"https://swapi.dev/api/starships/28/","passengers":"0","name":"\"A-wing\"","model":"\"RZ-1 A-wing Interceptor\"","edited":"2014-12-20T21:23:49.907Z","cargo_capacity":"40","manufacturer":"\"Alliance Underground Engineering, Incom Corporation\"","cost_in_credits":"175000","consumables":"1 week","created":"2014-12-18T11:16:34.542Z","hyperdrive_rating":"1.0","max_atmosphering_speed":"1300","crew":"1"},{"length":"16.9","starship_class":"Assault Starfighter","MGLT":"91","films":["https://swapi.dev/api/films/3/"],"pilots":[],"url":"https://swapi.dev/api/starships/29/","passengers":"0","name":"\"B-wing\"","model":"\"A/SF-01 B-wing starfighter\"","edited":"2014-12-20T21:23:49.909Z","cargo_capacity":"45","manufacturer":"\"Slayn & Korpil\"","cost_in_credits":"220000","consumables":"1 week","created":"2014-12-18T11:18:04.763Z","hyperdrive_rating":"2.0","max_atmosphering_speed":"950","crew":"1"},{"length":"115.0","starship_class":"Space Cruiser","MGLT":"unknown","films":["https://swapi.dev/api/films/4/"],"pilots":[],"url":"https://swapi.dev/api/starships/31/","passengers":"16","name":"\"Republic Cruiser\"","model":"\"Consular-class cruiser\"","edited":"2014-12-20T21:23:49.912Z","cargo_capacity":"unknown","manufacturer":"\"Corellian Engineering Corporation\"","cost_in_credits":"unknown","consumables":"unknown","created":"2014-12-19T17:01:31.488Z","hyperdrive_rating":"2.0","max_atmosphering_speed":"900","crew":"9"},{"length":"3170.0","starship_class":"Droid Control Ship","MGLT":"unknown","films":["https://swapi.dev/api/films/4/","https://swapi.dev/api/films/5/","https://swapi.dev/api/films/6/"],"pilots":[],"url":"https://swapi.dev/api/starships/32/","passengers":"139000","name":"\"Droid control ship\"","model":"\"Lucrehulk-class Droid Control Ship\"","edited":"2014-12-20T21:23:49.915Z","cargo_capacity":"4000000000","manufacturer":"\"Hoersch-Kessel Drive, Inc.\"","cost_in_credits":"unknown","consumables":"500 days","created":"2014-12-19T17:04:06.323Z","hyperdrive_rating":"2.0","max_atmosphering_speed":"n/a","crew":"175"},{"length":"11.0","starship_class":"Starfighter","MGLT":"unknown","films":["https://swapi.dev/api/films/4/","https://swapi.dev/api/films/5/"],"pilots":["https://swapi.dev/api/people/11/","https://swapi.dev/api/people/35/","https://swapi.dev/api/people/60/"],"url":"https://swapi.dev/api/starships/39/","passengers":"0","name":"\"Naboo fighter\"","model":"\"N-1 starfighter\"","edited":"2014-12-20T21:23:49.917Z","cargo_capacity":"65","manufacturer":"\"Theed Palace Space Vessel Engineering Corps\"","cost_in_credits":"200000","consumables":"7 days","created":"2014-12-19T17:39:17.582Z","hyperdrive_rating":"1.0","max_atmosphering_speed":"1100","crew":"1"},{"length":"76.0","starship_class":"Yacht","MGLT":"unknown","films":["https://swapi.dev/api/films/4/"],"pilots":["https://swapi.dev/api/people/39/"],"url":"https://swapi.dev/api/starships/40/","passengers":"unknown","name":"\"Naboo Royal Starship\"","model":"\"J-type 327 Nubian royal starship\"","edited":"2014-12-20T21:23:49.919Z","cargo_capacity":"unknown","manufacturer":"\"Theed Palace Space Vessel Engineering Corps, Nubia Star Drives\"","cost_in_credits":"unknown","consumables":"unknown","created":"2014-12-19T17:45:03.506Z","hyperdrive_rating":"1.8","max_atmosphering_speed":"920","crew":"8"}],"previous":"https://swapi.dev/api/people/?format=json&page=1","count":36}