Right (Index {iCount = 39, iNextPage = Page 3, iPreviousPage = Page 1, iResults = [Vehicle {vName = VehicleName "Bantha-II cargo skiff", vModel = VehicleModel "Bantha-II", vManufacturer = Manufacturer "Ubrikkian Industries", vCost = Credits 8000, vLength = VehicleLength 9.5, vMaxAtmospheringSpeed = MaxSpeed 250, vRequiredCrew = CrewAmount 5, vPassengerLimit = PassengerLimit 16, vCargoCapacity = Capacity 135000, vConsumables = CDay 1, vVehicleClass = VCRepulsorcraftCargoSkiff, vPilots = [], vFilms = [FilmId 3], vCreatedAt = 2014-12-18 10:48:03.208 UTC, vEditedAt = 2014-12-20 21:30:21.688 UTC, vId = VehicleId 25},Vehicle {vName = VehicleName "TIE/IN interceptor", vModel = VehicleModel "Twin Ion Engine Interceptor", vManufacturer = Manufacturer "Sienar Fleet Systems", vCost = UnknownCost, vLength = VehicleLength 9.6, vMaxAtmospheringSpeed = MaxSpeed 1250, vRequiredCrew = CrewAmount 1, vPassengerLimit = PassengerLimit 0, vCargoCapacity = Capacity 75, vConsumables = CDay 2, vVehicleClass = VCStarfighter, vPilots = [], vFilms = [FilmId 3], vCreatedAt = 2014-12-18 10:50:28.225 UTC, vEditedAt = 2014-12-20 21:30:21.691 UTC, vId = VehicleId 26},Vehicle {vName = VehicleName "Imperial Speeder Bike", vModel = VehicleModel "74-Z speeder bike", vManufacturer = Manufacturer "Aratech Repulsor Company", vCost = Credits 8000, vLength = VehicleLength 3.0, vMaxAtmospheringSpeed = MaxSpeed 360, vRequiredCrew = CrewAmount 1, vPassengerLimit = PassengerLimit 1, vCargoCapacity = Capacity 4, vConsumables = CDay 1, vVehicleClass = VCSpeeder, vPilots = [PersonId 1,PersonId 5], vFilms = [FilmId 3], vCreatedAt = 2014-12-18 11:20:04.625 UTC, vEditedAt = 2014-12-20 21:30:21.693 UTC, vId = VehicleId 30},Vehicle {vName = VehicleName "Vulture Droid", vModel = VehicleModel "Vulture-class droid starfighter", vManufacturer = Manufacturer "Haor Chall Engineering, Baktoid Armor Workshop", vCost = UnknownCost, vLength = VehicleLength 3.5, vMaxAtmospheringSpeed = MaxSpeed 1200, vRequiredCrew = CrewAmount 0, vPassengerLimit = PassengerLimit 0, vCargoCapacity = Capacity 0, vConsumables = NoConsumable, vVehicleClass = VCStarfighter, vPilots = [], vFilms = [FilmId 4,FilmId 6], vCreatedAt = 2014-12-19 17:09:53.584 UTC, vEditedAt = 2014-12-20 21:30:21.697 UTC, vId = VehicleId 33},Vehicle {vName = VehicleName "Multi-Troop Transport", vModel = VehicleModel "Multi-Troop Transport", vManufacturer = Manufacturer "Baktoid Armor Workshop", vCost = Credits 138000, vLength = VehicleLength 31.0, vMaxAtmospheringSpeed = MaxSpeed 35, vRequiredCrew = CrewAmount 4, vPassengerLimit = PassengerLimit 112, vCargoCapacity = Capacity 12000, vConsumables = UnknownConsumable, vVehicleClass = VCRepulsorcraft, vPilots = [], vFilms = [FilmId 4], vCreatedAt = 2014-12-19 17:12:04.4 UTC, vEditedAt = 2014-12-20 21:30:21.7 UTC, vId = VehicleId 34},Vehicle {vName = VehicleName "Armored Assault Tank", vModel = VehicleModel "Armoured Assault Tank", vManufacturer = Manufacturer "Baktoid Armor Workshop", vCost = UnknownCost, vLength = VehicleLength 9.75, vMaxAtmospheringSpeed = MaxSpeed 55, vRequiredCrew = CrewAmount 4, vPassengerLimit = PassengerLimit 6, vCargoCapacity = UnknownCapacity, vConsumables = UnknownConsumable, vVehicleClass = VCRepulsorcraft, vPilots = [], vFilms = [FilmId 4], vCreatedAt = 2014-12-19 17:13:29.799 UTC, vEditedAt = 2014-12-20 21:30:21.703 UTC, vId = VehicleId 35},Vehicle {vName = VehicleName "Single Trooper Aerial Platform", vModel = VehicleModel "Single Trooper Aerial Platform", vManufacturer = Manufacturer "Baktoid Armor Workshop", vCost = Credits 2500, vLength = VehicleLength 2.0, vMaxAtmospheringSpeed = MaxSpeed 400, vRequiredCrew = CrewAmount 1, vPassengerLimit = PassengerLimit 0, vCargoCapacity = NoCapacity, vConsumables = NoConsumable, vVehicleClass = VCRepulsorcraft, vPilots = [], vFilms = [FilmId 4], vCreatedAt = 2014-12-19 17:15:09.511 UTC, vEditedAt = 2014-12-20 21:30:21.705 UTC, vId = VehicleId 36},Vehicle {vName = VehicleName "C-9979 landing craft", vModel = VehicleModel "C-9979 landing craft", vManufacturer = Manufacturer "Haor Chall Engineering", vCost = Credits 200000, vLength = VehicleLength 210.0, vMaxAtmospheringSpeed = MaxSpeed 587, vRequiredCrew = CrewAmount 140, vPassengerLimit = PassengerLimit 284, vCargoCapacity = Capacity 1800000, vConsumables = CDay 1, vVehicleClass = VCLandingCraft, vPilots = [], vFilms = [FilmId 4], vCreatedAt = 2014-12-19 17:20:36.373 UTC, vEditedAt = 2014-12-20 21:30:21.707 UTC, vId = VehicleId 37},Vehicle {vName = VehicleName "Tribubble bongo", vModel = VehicleModel "Tribubble bongo", vManufacturer = Manufacturer "Otoh Gunga Bongameken Cooperative", vCost = UnknownCost, vLength = VehicleLength 15.0, vMaxAtmospheringSpeed = MaxSpeed 85, vRequiredCrew = CrewAmount 1, vPassengerLimit = PassengerLimit 2, vCargoCapacity = Capacity 1600, vConsumables = UnknownConsumable, vVehicleClass = VCSubmarine, vPilots = [PersonId 10,PersonId 32], vFilms = [FilmId 4], vCreatedAt = 2014-12-19 17:37:37.924 UTC, vEditedAt = 2014-12-20 21:30:21.71 UTC, vId = VehicleId 38},Vehicle {vName = VehicleName "Sith speeder", vModel = VehicleModel "FC-20 speeder bike", vManufacturer = Manufacturer "Razalon", vCost = Credits 4000, vLength = VehicleLength 1.5, vMaxAtmospheringSpeed = MaxSpeed 180, vRequiredCrew = CrewAmount 1, vPassengerLimit = PassengerLimit 0, vCargoCapacity = Capacity 2, vConsumables = UnknownConsumable, vVehicleClass = VCSpeeder, vPilots = [PersonId 44], vFilms = [FilmId 4], vCreatedAt = 2014-12-20 10:09:56.095 UTC, vEditedAt = 2014-12-20 21:30:21.712 UTC, vId = VehicleId 42}]})