Right (Index {iCount = 39, iNextPage = NoPage, iPreviousPage = Page 3, iResults = [Vehicle {vName = VehicleName "Tsmeu-6 personal wheel bike", vModel = VehicleModel "Tsmeu-6 personal wheel bike", vManufacturer = Manufacturer "Z-Gomot Ternbuell Guppat Corporation", vCost = Credits 15000, vLength = VehicleLength 3.5, vMaxAtmospheringSpeed = MaxSpeed 330, vRequiredCrew = CrewAmount 1, vPassengerLimit = PassengerLimit 1, vCargoCapacity = Capacity 10, vConsumables = NoConsumable, vVehicleClass = VCWheeledWalker, vPilots = [PersonId 79], vFilms = [FilmId 6], vCreatedAt = 2014-12-20 19:43:54.87 UTC, vEditedAt = 2014-12-20 21:30:21.745 UTC, vId = VehicleId 60},Vehicle {vName = VehicleName "Emergency Firespeeder", vModel = VehicleModel "Fire suppression speeder", vManufacturer = Manufacturer "unknown", vCost = UnknownCost, vLength = UnknownVehicleLength, vMaxAtmospheringSpeed = UnknownSpeed, vRequiredCrew = CrewAmount 2, vPassengerLimit = UnknownPassengerLimit, vCargoCapacity = UnknownCapacity, vConsumables = UnknownConsumable, vVehicleClass = VCFireSuppressionShip, vPilots = [], vFilms = [FilmId 6], vCreatedAt = 2014-12-20 19:50:58.559 UTC, vEditedAt = 2014-12-20 21:30:21.749 UTC, vId = VehicleId 62},Vehicle {vName = VehicleName "Droid tri-fighter", vModel = VehicleModel "tri-fighter", vManufacturer = Manufacturer "Colla Designs, Phlac-Arphocc Automata Industries", vCost = Credits 20000, vLength = VehicleLength 5.4, vMaxAtmospheringSpeed = MaxSpeed 1180, vRequiredCrew = CrewAmount 1, vPassengerLimit = PassengerLimit 0, vCargoCapacity = Capacity 0, vConsumables = NoConsumable, vVehicleClass = VCDroidStarfighter, vPilots = [], vFilms = [FilmId 6], vCreatedAt = 2014-12-20 20:05:19.992 UTC, vEditedAt = 2014-12-20 21:30:21.752 UTC, vId = VehicleId 67},Vehicle {vName = VehicleName "Oevvaor jet catamaran", vModel = VehicleModel "Oevvaor jet catamaran", vManufacturer = Manufacturer "Appazanna Engineering Works", vCost = Credits 12125, vLength = VehicleLength 15.1, vMaxAtmospheringSpeed = MaxSpeed 420, vRequiredCrew = CrewAmount 2, vPassengerLimit = PassengerLimit 2, vCargoCapacity = Capacity 50, vConsumables = CDay 3, vVehicleClass = VCAirspeeder, vPilots = [], vFilms = [FilmId 6], vCreatedAt = 2014-12-20 20:20:53.931 UTC, vEditedAt = 2014-12-20 21:30:21.756 UTC, vId = VehicleId 69},Vehicle {vName = VehicleName "Raddaugh Gnasp fluttercraft", vModel = VehicleModel "Raddaugh Gnasp fluttercraft", vManufacturer = Manufacturer "Appazanna Engineering Works", vCost = Credits 14750, vLength = VehicleLength 7.0, vMaxAtmospheringSpeed = MaxSpeed 310, vRequiredCrew = CrewAmount 2, vPassengerLimit = PassengerLimit 0, vCargoCapacity = Capacity 20, vConsumables = NoConsumable, vVehicleClass = VCAirspeeder, vPilots = [], vFilms = [FilmId 6], vCreatedAt = 2014-12-20 20:21:55.648 UTC, vEditedAt = 2014-12-20 21:30:21.759 UTC, vId = VehicleId 70},Vehicle {vName = VehicleName "Clone turbo tank", vModel = VehicleModel "HAVw A6 Juggernaut", vManufacturer = Manufacturer "Kuat Drive Yards", vCost = Credits 350000, vLength = VehicleLength 49.4, vMaxAtmospheringSpeed = MaxSpeed 160, vRequiredCrew = CrewAmount 20, vPassengerLimit = PassengerLimit 300, vCargoCapacity = Capacity 30000, vConsumables = CDay 20, vVehicleClass = VCWheeledWalker, vPilots = [], vFilms = [FilmId 6], vCreatedAt = 2014-12-20 20:24:45.587 UTC, vEditedAt = 2014-12-20 21:30:21.762 UTC, vId = VehicleId 71},Vehicle {vName = VehicleName "Corporate Alliance tank droid", vModel = VehicleModel "NR-N99 Persuader-class droid enforcer", vManufacturer = Manufacturer "Techno Union", vCost = Credits 49000, vLength = VehicleLength 10.96, vMaxAtmospheringSpeed = MaxSpeed 100, vRequiredCrew = CrewAmount 0, vPassengerLimit = PassengerLimit 4, vCargoCapacity = NoCapacity, vConsumables = NoConsumable, vVehicleClass = VCDroidTank, vPilots = [], vFilms = [FilmId 6], vCreatedAt = 2014-12-20 20:26:55.522 UTC, vEditedAt = 2014-12-20 21:30:21.765 UTC, vId = VehicleId 72},Vehicle {vName = VehicleName "Droid gunship", vModel = VehicleModel "HMP droid gunship", vManufacturer = Manufacturer "Baktoid Fleet Ordnance, Haor Chall Engineering", vCost = Credits 60000, vLength = VehicleLength 12.3, vMaxAtmospheringSpeed = MaxSpeed 820, vRequiredCrew = CrewAmount 0, vPassengerLimit = PassengerLimit 0, vCargoCapacity = Capacity 0, vConsumables = NoConsumable, vVehicleClass = VCAirspeeder, vPilots = [], vFilms = [FilmId 6], vCreatedAt = 2014-12-20 20:32:05.687 UTC, vEditedAt = 2014-12-20 21:30:21.768 UTC, vId = VehicleId 73},Vehicle {vName = VehicleName "AT-RT", vModel = VehicleModel "All Terrain Recon Transport", vManufacturer = Manufacturer "Kuat Drive Yards", vCost = Credits 40000, vLength = VehicleLength 3.2, vMaxAtmospheringSpeed = MaxSpeed 90, vRequiredCrew = CrewAmount 1, vPassengerLimit = PassengerLimit 0, vCargoCapacity = Capacity 20, vConsumables = CDay 1, vVehicleClass = VCWalker, vPilots = [], vFilms = [FilmId 6], vCreatedAt = 2014-12-20 20:47:49.189 UTC, vEditedAt = 2014-12-20 21:30:21.772 UTC, vId = VehicleId 76}]})