{"next":"https://swapi.dev/api/people/?format=json&page=3","results":[{"mass":"84.0","height":"188","species":[],"films":["https://swapi.dev/api/films/4/","https://swapi.dev/api/films/5/","https://swapi.dev/api/films/6/"],"vehicles":["https://swapi.dev/api/vehicles/44/","https://swapi.dev/api/vehicles/46/"],"url":"https://swapi.dev/api/people/11/","eye_color":["blue"],"gender":"male","name":"Anakin Skywalker","starships":["https://swapi.dev/api/starships/39/","https://swapi.dev/api/starships/59/","https://swapi.dev/api/starships/65/"],"edited":"2014-12-20T21:17:50.327Z","skin_color":"fair","created":"2014-12-10T16:20:44.31Z","hair_color":"blond","birth_year":"41.9BBY","homeworld":"https://swapi.dev/api/planets/1/"},{"mass":"unknown","height":"180","species":[],"films":["https://swapi.dev/api/films/1/","https://swapi.dev/api/films/6/"],"vehicles":[],"url":"https://swapi.dev/api/people/12/","eye_color":["blue"],"gender":"male","name":"Wilhuff Tarkin","starships":[],"edited":"2014-12-20T21:17:50.33Z","skin_color":"fair","created":"2014-12-10T16:26:56.138Z","hair_color":"auburn, grey","birth_year":"64.0BBY","homeworld":"https://swapi.dev/api/planets/21/"},{"mass":"112.0","height":"228","species":["https://swapi.dev/api/species/3/"],"films":["https://swapi.dev/api/films/1/","https://swapi.dev/api/films/2/","https://swapi.dev/api/films/3/","https://swapi.dev/api/films/6/"],"vehicles":["https://swapi.dev/api/vehicles/19/"],"url":"https://swapi.dev/api/people/13/","eye_color":["blue"],"gender":"male","name":"Chewbacca","starships":["https://swapi.dev/api/starships/10/","https://swapi.dev/api/starships/22/"],"edited":"2014-12-20T21:17:50.332Z","skin_color":"unknown","created":"2014-12-10T16:42:45.066Z","hair_color":"brown","birth_year":"200.0BBY","homeworld":"https://swapi.dev/api/planets/14/"},{"mass":"80.0","height":"180","species":[],"films":["https://swapi.dev/api/films/1/","https://swapi.dev/api/films/2/","https://swapi.dev/api/films/3/"],"vehicles":[],"url":"https://swapi.dev/api/people/14/","eye_color":["brown"],"gender":"male","name":"Han Solo","starships":["https://swapi.dev/api/starships/10/","https://swapi.dev/api/starships/22/"],"edited":"2014-12-20T21:17:50.334Z","skin_color":"fair","created":"2014-12-10T16:49:14.582Z","hair_color":"brown","birth_year":"29.0BBY","homeworld":"https://swapi.dev/api/planets/22/"},{"mass":"74.0","height":"173","species":["https://swapi.dev/api/species/4/"],"films":["https://swapi.dev/api/films/1/"],"vehicles":[],"url":"https://swapi.dev/api/people/15/","eye_color":["black"],"gender":"male","name":"Greedo","starships":[],"edited":"2014-12-20T21:17:50.336Z","skin_color":"green","created":"2014-12-10T17:03:30.334Z","hair_color":"none","birth_year":"44.0BBY","homeworld":"https://swapi.dev/api/planets/23/"},{"mass":"1358.0","height":"175","species":["https://swapi.dev/api/species/5/"],"films":["https://swapi.dev/api/films/1/","https://swapi.dev/api/films/3/","https://swapi.dev/api/films/4/"],"vehicles":[],"url":"https://swapi.dev/api/people/16/","eye_color":["orange"],"gender":"hermaphrodite","name":"Jabba Desilijic Tiure","starships":[],"edited":"2014-12-20T21:17:50.338Z","skin_color":"green-tan, brown","created":"2014-12-10T17:11:31.638Z","hair_color":"none","birth_year":"600.0BBY","homeworld":"https://swapi.dev/api/planets/24/"},{"mass":"77.0","height":"170","species":[],"films":["https://swapi.dev/api/films/1/","https://swapi.dev/api/films/2/","https://swapi.dev/api/films/3/"],"vehicles":["https://swapi.dev/api/vehicles/14/"],"url":"https://swapi.dev/api/people/18/","eye_color":["hazel"],"gender":"male","name":"Wedge Antilles","starships":["https://swapi.dev/api/starships/12/"],"edited":"2014-12-20T21:17:50.341Z","skin_color":"fair","created":"2014-12-12T11:08:06.469Z","hair_color":"brown","birth_year":"21.0BBY","homeworld":"https://swapi.dev/api/planets/22/"},{"mass":"110.0","height":"180","species":[],"films":["https://swapi.dev/api/films/1/"],"vehicles":[],"url":"https://swapi.dev/api/people/19/","eye_color":["blue"],"gender":"male","name":"Jek Tono Porkins","starships":["https://swapi.dev/api/starships/12/"],"edited":"2014-12-20T21:17:50.343Z","skin_color":"fair","created":"2014-12-12T11:16:56.569Z","hair_color":"brown","birth_year":"unknown","homeworld":"https://swapi.dev/api/planets/26/"},{"mass":"17.0","height":"66","species":["https://swapi.dev/api/species/6/"],"films":["https://swapi.dev/api/films/2/","https://swapi.dev/api/films/3/","https://swapi.dev/api/films/4/","https://swapi.dev/api/films/5/","https://swapi.dev/api/films/6/"],"vehicles":[],"url":"https://swapi.dev/api/people/20/","eye_color":["brown"],"gender":"male","name":"Yoda","starships":[],"edited":"2014-12-20T21:17:50.345Z","skin_color":"green","created":"2014-12-15T12:26:01.042Z","hair_color":"white","birth_year":"896.0BBY","homeworld":"https://swapi.dev/api/planets/28/"},{"mass":"75.0","height":"170","species":[],"films":["https://swapi.dev/api/films/2/","https://swapi.dev/api/films/3/","https://swapi.dev/api/films/4/","https://swapi.dev/api/films/5/","https://swapi.dev/api/films/6/"],"vehicles":[],"url":"https://swapi.dev/api/people/21/","eye_color":["yellow"],"gender":"male","name":"Palpatine","starships":[],"edited":"2014-12-20T21:17:50.347Z","skin_color":"pale","created":"2014-12-15T12:48:05.971Z","hair_color":"grey","birth_year":"82.0BBY","homeworld":"https://swapi.dev/api/planets/8/"}],"previous":"https://swapi.dev/api/people/?format=json&page=1","count":82}