{"count":82,"next":"https://swapi.dev/api/people/?format=json&page=4","previous":"https://swapi.dev/api/people/?format=json&page=2","results":[{"birth_year":"31.5BBY","created":"2014-12-15T12:49:32.457Z","edited":"2014-12-20T21:17:50.349Z","eye_color":"brown","films":["https://swapi.dev/api/films/2/","https://swapi.dev/api/films/3/","https://swapi.dev/api/films/5/"],"gender":"male","hair_color":"black","height":"183","homeworld":"https://swapi.dev/api/planets/10/","mass":"78.2","name":"Boba Fett","skin_color":"fair","species":[],"starships":["https://swapi.dev/api/starships/21/"],"url":"https://swapi.dev/api/people/22/","vehicles":[]},{"birth_year":"15.0BBY","created":"2014-12-15T12:51:10.076Z","edited":"2014-12-20T21:17:50.351Z","eye_color":"red","films":["https://swapi.dev/api/films/2/"],"gender":"n/a","hair_color":"none","height":"200","homeworld":"https://swapi.dev/api/planets/28/","mass":"140.0","name":"IG-88","skin_color":"metal","species":["https://swapi.dev/api/species/2/"],"starships":[],"url":"https://swapi.dev/api/people/23/","vehicles":[]},{"birth_year":"53.0BBY","created":"2014-12-15T12:53:49.297Z","edited":"2014-12-20T21:17:50.355Z","eye_color":"red","films":["https://swapi.dev/api/films/2/"],"gender":"male","hair_color":"none","height":"190","homeworld":"https://swapi.dev/api/planets/29/","mass":"113.0","name":"Bossk","skin_color":"green","species":["https://swapi.dev/api/species/7/"],"starships":[],"url":"https://swapi.dev/api/people/24/","vehicles":[]},{"birth_year":"31.0BBY","created":"2014-12-15T12:56:32.683Z","edited":"2014-12-20T21:17:50.357Z","eye_color":"brown","films":["https://swapi.dev/api/films/2/","https://swapi.dev/api/films/3/"],"gender":"male","hair_color":"black","height":"177","homeworld":"https://swapi.dev/api/planets/30/","mass":"79.0","name":"Lando Calrissian","skin_color":"dark","species":[],"starships":["https://swapi.dev/api/starships/10/"],"url":"https://swapi.dev/api/people/25/","vehicles":[]},{"birth_year":"37.0BBY","created":"2014-12-15T13:01:57.178Z","edited":"2014-12-20T21:17:50.359Z","eye_color":"blue","films":["https://swapi.dev/api/films/2/"],"gender":"male","hair_color":"none","height":"175","homeworld":"https://swapi.dev/api/planets/6/","mass":"79.0","name":"Lobot","skin_color":"light","species":[],"starships":[],"url":"https://swapi.dev/api/people/26/","vehicles":[]},{"birth_year":"41.0BBY","created":"2014-12-18T11:07:50.584Z","edited":"2014-12-20T21:17:50.362Z","eye_color":"orange","films":["https://swapi.dev/api/films/3/"],"gender":"male","hair_color":"none","height":"180","homeworld":"https://swapi.dev/api/planets/31/","mass":"83.0","name":"Ackbar","skin_color":"brown mottle","species":["https://swapi.dev/api/species/8/"],"starships":[],"url":"https://swapi.dev/api/people/27/","vehicles":[]},{"birth_year":"48.0BBY","created":"2014-12-18T11:12:38.895Z","edited":"2014-12-20T21:17:50.364Z","eye_color":"blue","films":["https://swapi.dev/api/films/3/"],"gender":"female","hair_color":"auburn","height":"150","homeworld":"https://swapi.dev/api/planets/32/","mass":"unknown","name":"Mon Mothma","skin_color":"fair","species":[],"starships":[],"url":"https://swapi.dev/api/people/28/","vehicles":[]},{"birth_year":"unknown","created":"2014-12-18T11:16:33.02Z","edited":"2014-12-20T21:17:50.367Z","eye_color":"brown","films":["https://swapi.dev/api/films/3/"],"gender":"male","hair_color":"brown","height":"unknown","homeworld":"https://swapi.dev/api/planets/28/","mass":"unknown","name":"Arvel Crynyd","skin_color":"fair","species":[],"starships":["https://swapi.dev/api/starships/28/"],"url":"https://swapi.dev/api/people/29/","vehicles":[]},{"birth_year":"8.0BBY","created":"2014-12-18T11:21:58.954Z","edited":"2014-12-20T21:17:50.369Z","eye_color":"brown","films":["https://swapi.dev/api/films/3/"],"gender":"male","hair_color":"brown","height":"88","homeworld":"https://swapi.dev/api/planets/7/","mass":"20.0","name":"Wicket Systri Warrick","skin_color":"brown","species":["https://swapi.dev/api/species/9/"],"starships":[],"url":"https://swapi.dev/api/people/30/","vehicles":[]},{"birth_year":"unknown","created":"2014-12-18T11:26:18.541Z","edited":"2014-12-20T21:17:50.371Z","eye_color":"black","films":["https://swapi.dev/api/films/3/"],"gender":"male","hair_color":"none","height":"160","homeworld":"https://swapi.dev/api/planets/33/","mass":"68.0","name":"Nien Nunb","skin_color":"grey","species":["https://swapi.dev/api/species/10/"],"starships":["https://swapi.dev/api/starships/10/"],"url":"https://swapi.dev/api/people/31/","vehicles":[]}]}