Right (Index {iCount = 36, iNextPage = Page 2, iPreviousPage = NoPage, iResults = [Starship {sName = StarshipName "CR90 corvette", sModel = StarshipModel "CR90 corvette", sManufacturer = Manufacturer "Corellian Engineering Corporation", sCost = Amount 3500000, sLength = StarshipLength 150.0, sMaxAtmospheringSpeed = MaxSpeed 950, sRequiredCrew = CrewRange 30 165, sPassengerLimit = PassengerLimit 600, sCargoCapacity = Capacity 3000000, sConsumables = CYear 1, sHyperdriveRating = Rating 2.0, sMaxMegalight = MaxMegalight 60, sStarshipClass = Corvette, sPilots = [], sFilms = [FilmId 1,FilmId 3,FilmId 6], sCreatedAt = 2014-12-10 14:20:33.369 UTC, sEditedAt = 2014-12-20 21:23:49.867 UTC, sId = StarshipId 2},Starship {sName = StarshipName "Star Destroyer", sModel = StarshipModel "Imperial I-class Star Destroyer", sManufacturer = Manufacturer "Kuat Drive Yards", sCost = Amount 150000000, sLength = StarshipLength 1600.0, sMaxAtmospheringSpeed = MaxSpeed 975, sRequiredCrew = CrewAmount 47060, sPassengerLimit = PLNotApplicable, sCargoCapacity = Capacity 36000000, sConsumables = CYear 2, sHyperdriveRating = Rating 2.0, sMaxMegalight = MaxMegalight 60, sStarshipClass = StarDestroyer, sPilots = [], sFilms = [FilmId 1,FilmId 2,FilmId 3], sCreatedAt = 2014-12-10 15:08:19.848 UTC, sEditedAt = 2014-12-20 21:23:49.87 UTC, sId = StarshipId 3},Starship {sName = StarshipName "Sentinel-class landing craft", sModel = StarshipModel "Sentinel-class landing craft", sManufacturer = Manufacturer "Sienar Fleet Systems, Cyngus Spaceworks", sCost = Amount 240000, sLength = StarshipLength 38.0, sMaxAtmospheringSpeed = MaxSpeed 1000, sRequiredCrew = CrewAmount 5, sPassengerLimit = PassengerLimit 75, sCargoCapacity = Capacity 180000, sConsumables = CMonth 1, sHyperdriveRating = Rating 1.0, sMaxMegalight = MaxMegalight 70, sStarshipClass = LandingCraft, sPilots = [], sFilms = [FilmId 1], sCreatedAt = 2014-12-10 15:48:00.586 UTC, sEditedAt = 2014-12-20 21:23:49.873 UTC, sId = StarshipId 5},Starship {sName = StarshipName "Death Star", sModel = StarshipModel "DS-1 Orbital Battle Station", sManufacturer = Manufacturer "Imperial Department of Military Research, Sienar Fleet Systems", sCost = Amount 1000000000000, sLength = StarshipLength 120000.0, sMaxAtmospheringSpeed = MASNotApplicable, sRequiredCrew = CrewAmount 342953, sPassengerLimit = PassengerLimit 843342, sCargoCapacity = Capacity 1000000000000, sConsumables = CYear 3, sHyperdriveRating = Rating 4.0, sMaxMegalight = MaxMegalight 10, sStarshipClass = DeepSpaceMobileBattlestation, sPilots = [], sFilms = [FilmId 1], sCreatedAt = 2014-12-10 16:36:50.509 UTC, sEditedAt = 2014-12-20 21:26:24.783 UTC, sId = StarshipId 9},Starship {sName = StarshipName "Millennium Falcon", sModel = StarshipModel "YT-1300 light freighter", sManufacturer = Manufacturer "Corellian Engineering Corporation", sCost = Amount 100000, sLength = StarshipLength 34.37, sMaxAtmospheringSpeed = MaxSpeed 1050, sRequiredCrew = CrewAmount 4, sPassengerLimit = PassengerLimit 6, sCargoCapacity = Capacity 100000, sConsumables = CMonth 2, sHyperdriveRating = Rating 0.5, sMaxMegalight = MaxMegalight 75, sStarshipClass = LightFreighter, sPilots = [PersonId 13,PersonId 14,PersonId 25,PersonId 31], sFilms = [FilmId 1,FilmId 2,FilmId 3], sCreatedAt = 2014-12-10 16:59:45.094 UTC, sEditedAt = 2014-12-20 21:23:49.88 UTC, sId = StarshipId 10},Starship {sName = StarshipName "Y-wing", sModel = StarshipModel "BTL Y-wing", sManufacturer = Manufacturer "Koensayr Manufacturing", sCost = Amount 134999, sLength = StarshipLength 14.0, sMaxAtmospheringSpeed = MaxSpeed 1000, sRequiredCrew = CrewAmount 2, sPassengerLimit = PassengerLimit 0, sCargoCapacity = Capacity 110, sConsumables = CWeek 1, sHyperdriveRating = Rating 1.0, sMaxMegalight = MaxMegalight 80, sStarshipClass = AssaultStarfighter, sPilots = [], sFilms = [FilmId 1,FilmId 2,FilmId 3], sCreatedAt = 2014-12-12 11:00:39.817 UTC, sEditedAt = 2014-12-20 21:23:49.883 UTC, sId = StarshipId 11},Starship {sName = StarshipName "X-wing", sModel = StarshipModel "T-65 X-wing", sManufacturer = Manufacturer "Incom Corporation", sCost = Amount 149999, sLength = StarshipLength 12.5, sMaxAtmospheringSpeed = MaxSpeed 1050, sRequiredCrew = CrewAmount 1, sPassengerLimit = PassengerLimit 0, sCargoCapacity = Capacity 110, sConsumables = CWeek 1, sHyperdriveRating = Rating 1.0, sMaxMegalight = MaxMegalight 100, sStarshipClass = Starfighter, sPilots = [PersonId 1,PersonId 9,PersonId 18,PersonId 19], sFilms = [FilmId 1,FilmId 2,FilmId 3], sCreatedAt = 2014-12-12 11:19:05.34 UTC, sEditedAt = 2014-12-20 21:23:49.886 UTC, sId = StarshipId 12},Starship {sName = StarshipName "TIE Advanced x1", sModel = StarshipModel "Twin Ion Engine Advanced x1", sManufacturer = Manufacturer "Sienar Fleet Systems", sCost = UnknownCost, sLength = StarshipLength 9.2, sMaxAtmospheringSpeed = MaxSpeed 1200, sRequiredCrew = CrewAmount 1, sPassengerLimit = PassengerLimit 0, sCargoCapacity = Capacity 150, sConsumables = CDay 5, sHyperdriveRating = Rating 1.0, sMaxMegalight = MaxMegalight 105, sStarshipClass = Starfighter, sPilots = [PersonId 4], sFilms = [FilmId 1], sCreatedAt = 2014-12-12 11:21:32.991 UTC, sEditedAt = 2014-12-20 21:23:49.889 UTC, sId = StarshipId 13},Starship {sName = StarshipName "Executor", sModel = StarshipModel "Executor-class star dreadnought", sManufacturer = Manufacturer "Kuat Drive Yards, Fondor Shipyards", sCost = Amount 1143350000, sLength = StarshipLength 19000.0, sMaxAtmospheringSpeed = MASNotApplicable, sRequiredCrew = CrewAmount 279144, sPassengerLimit = PassengerLimit 38000, sCargoCapacity = Capacity 250000000, sConsumables = CYear 6, sHyperdriveRating = Rating 2.0, sMaxMegalight = MaxMegalight 40, sStarshipClass = StarDreadnought, sPilots = [], sFilms = [FilmId 2,FilmId 3], sCreatedAt = 2014-12-15 12:31:42.547 UTC, sEditedAt = 2014-12-20 21:23:49.893 UTC, sId = StarshipId 15},Starship {sName = StarshipName "Rebel transport", sModel = StarshipModel "GR-75 medium transport", sManufacturer = Manufacturer "Gallofree Yards, Inc.", sCost = UnknownCost, sLength = StarshipLength 90.0, sMaxAtmospheringSpeed = MaxSpeed 650, sRequiredCrew = CrewAmount 6, sPassengerLimit = PassengerLimit 90, sCargoCapacity = Capacity 19000000, sConsumables = CMonth 6, sHyperdriveRating = Rating 4.0, sMaxMegalight = MaxMegalight 20, sStarshipClass = MediumTransport, sPilots = [], sFilms = [FilmId 2,FilmId 3], sCreatedAt = 2014-12-15 12:34:52.264 UTC, sEditedAt = 2014-12-20 21:23:49.895 UTC, sId = StarshipId 17}]})