Right (Index {iCount = 36, iNextPage = Page 3, iPreviousPage = Page 1, iResults = [Starship {sName = StarshipName "Slave 1", sModel = StarshipModel "Firespray-31-class patrol and attack", sManufacturer = Manufacturer "Kuat Systems Engineering", sCost = UnknownCost, sLength = StarshipLength 21.5, sMaxAtmospheringSpeed = MaxSpeed 1000, sRequiredCrew = CrewAmount 1, sPassengerLimit = PassengerLimit 6, sCargoCapacity = Capacity 70000, sConsumables = CMonth 1, sHyperdriveRating = Rating 3.0, sMaxMegalight = MaxMegalight 70, sStarshipClass = PatrolCraft, sPilots = [PersonId 22], sFilms = [FilmId 2,FilmId 5], sCreatedAt = 2014-12-15 13:00:56.332 UTC, sEditedAt = 2014-12-20 21:23:49.897 UTC, sId = StarshipId 21},Starship {sName = StarshipName "Imperial shuttle", sModel = StarshipModel "Lambda-class T-4a shuttle", sManufacturer = Manufacturer "Sienar Fleet Systems", sCost = Amount 240000, sLength = StarshipLength 20.0, sMaxAtmospheringSpeed = MaxSpeed 850, sRequiredCrew = CrewAmount 6, sPassengerLimit = PassengerLimit 20, sCargoCapacity = Capacity 80000, sConsumables = CMonth 2, sHyperdriveRating = Rating 1.0, sMaxMegalight = MaxMegalight 50, sStarshipClass = ArmedGovernmentTransport, sPilots = [PersonId 1,PersonId 13,PersonId 14], sFilms = [FilmId 2,FilmId 3], sCreatedAt = 2014-12-15 13:04:47.235 UTC, sEditedAt = 2014-12-20 21:23:49.9 UTC, sId = StarshipId 22},Starship {sName = StarshipName "EF76 Nebulon-B escort frigate", sModel = StarshipModel "EF76 Nebulon-B escort frigate", sManufacturer = Manufacturer "Kuat Drive Yards", sCost = Amount 8500000, sLength = StarshipLength 300.0, sMaxAtmospheringSpeed = MaxSpeed 800, sRequiredCrew = CrewAmount 854, sPassengerLimit = PassengerLimit 75, sCargoCapacity = Capacity 6000000, sConsumables = CYear 2, sHyperdriveRating = Rating 2.0, sMaxMegalight = MaxMegalight 40, sStarshipClass = EscortShip, sPilots = [], sFilms = [FilmId 2,FilmId 3], sCreatedAt = 2014-12-15 13:06:30.813 UTC, sEditedAt = 2014-12-20 21:23:49.902 UTC, sId = StarshipId 23},Starship {sName = StarshipName "Calamari Cruiser", sModel = StarshipModel "MC80 Liberty type Star Cruiser", sManufacturer = Manufacturer "Mon Calamari shipyards", sCost = Amount 104000000, sLength = StarshipLength 1200.0, sMaxAtmospheringSpeed = MASNotApplicable, sRequiredCrew = CrewAmount 5400, sPassengerLimit = PassengerLimit 1200, sCargoCapacity = UnknownCapacity, sConsumables = CYear 2, sHyperdriveRating = Rating 1.0, sMaxMegalight = MaxMegalight 60, sStarshipClass = StarCruiser, sPilots = [], sFilms = [FilmId 3], sCreatedAt = 2014-12-18 10:54:57.804 UTC, sEditedAt = 2014-12-20 21:23:49.904 UTC, sId = StarshipId 27},Starship {sName = StarshipName "A-wing", sModel = StarshipModel "RZ-1 A-wing Interceptor", sManufacturer = Manufacturer "Alliance Underground Engineering, Incom Corporation", sCost = Amount 175000, sLength = StarshipLength 9.6, sMaxAtmospheringSpeed = MaxSpeed 1300, sRequiredCrew = CrewAmount 1, sPassengerLimit = PassengerLimit 0, sCargoCapacity = Capacity 40, sConsumables = CWeek 1, sHyperdriveRating = Rating 1.0, sMaxMegalight = MaxMegalight 120, sStarshipClass = Starfighter, sPilots = [PersonId 29], sFilms = [FilmId 3], sCreatedAt = 2014-12-18 11:16:34.542 UTC, sEditedAt = 2014-12-20 21:23:49.907 UTC, sId = StarshipId 28},Starship {sName = StarshipName "B-wing", sModel = StarshipModel "A/SF-01 B-wing starfighter", sManufacturer = Manufacturer "Slayn & Korpil", sCost = Amount 220000, sLength = StarshipLength 16.9, sMaxAtmospheringSpeed = MaxSpeed 950, sRequiredCrew = CrewAmount 1, sPassengerLimit = PassengerLimit 0, sCargoCapacity = Capacity 45, sConsumables = CWeek 1, sHyperdriveRating = Rating 2.0, sMaxMegalight = MaxMegalight 91, sStarshipClass = AssaultStarfighter, sPilots = [], sFilms = [FilmId 3], sCreatedAt = 2014-12-18 11:18:04.763 UTC, sEditedAt = 2014-12-20 21:23:49.909 UTC, sId = StarshipId 29},Starship {sName = StarshipName "Republic Cruiser", sModel = StarshipModel "Consular-class cruiser", sManufacturer = Manufacturer "Corellian Engineering Corporation", sCost = UnknownCost, sLength = StarshipLength 115.0, sMaxAtmospheringSpeed = MaxSpeed 900, sRequiredCrew = CrewAmount 9, sPassengerLimit = PassengerLimit 16, sCargoCapacity = UnknownCapacity, sConsumables = UnknownConsumable, sHyperdriveRating = Rating 2.0, sMaxMegalight = UnknownMegalight, sStarshipClass = SpaceCruiser, sPilots = [], sFilms = [FilmId 4], sCreatedAt = 2014-12-19 17:01:31.488 UTC, sEditedAt = 2014-12-20 21:23:49.912 UTC, sId = StarshipId 31},Starship {sName = StarshipName "Droid control ship", sModel = StarshipModel "Lucrehulk-class Droid Control Ship", sManufacturer = Manufacturer "Hoersch-Kessel Drive, Inc.", sCost = UnknownCost, sLength = StarshipLength 3170.0, sMaxAtmospheringSpeed = MASNotApplicable, sRequiredCrew = CrewAmount 175, sPassengerLimit = PassengerLimit 139000, sCargoCapacity = Capacity 4000000000, sConsumables = CDay 500, sHyperdriveRating = Rating 2.0, sMaxMegalight = UnknownMegalight, sStarshipClass = DroidControlShip, sPilots = [], sFilms = [FilmId 4,FilmId 5,FilmId 6], sCreatedAt = 2014-12-19 17:04:06.323 UTC, sEditedAt = 2014-12-20 21:23:49.915 UTC, sId = StarshipId 32},Starship {sName = StarshipName "Naboo fighter", sModel = StarshipModel "N-1 starfighter", sManufacturer = Manufacturer "Theed Palace Space Vessel Engineering Corps", sCost = Amount 200000, sLength = StarshipLength 11.0, sMaxAtmospheringSpeed = MaxSpeed 1100, sRequiredCrew = CrewAmount 1, sPassengerLimit = PassengerLimit 0, sCargoCapacity = Capacity 65, sConsumables = CDay 7, sHyperdriveRating = Rating 1.0, sMaxMegalight = UnknownMegalight, sStarshipClass = Starfighter, sPilots = [PersonId 11,PersonId 35,PersonId 60], sFilms = [FilmId 4,FilmId 5], sCreatedAt = 2014-12-19 17:39:17.582 UTC, sEditedAt = 2014-12-20 21:23:49.917 UTC, sId = StarshipId 39},Starship {sName = StarshipName "Naboo Royal Starship", sModel = StarshipModel "J-type 327 Nubian royal starship", sManufacturer = Manufacturer "Theed Palace Space Vessel Engineering Corps, Nubia Star Drives", sCost = UnknownCost, sLength = StarshipLength 76.0, sMaxAtmospheringSpeed = MaxSpeed 920, sRequiredCrew = CrewAmount 8, sPassengerLimit = UnknownPassengerLimit, sCargoCapacity = UnknownCapacity, sConsumables = UnknownConsumable, sHyperdriveRating = Rating 1.8, sMaxMegalight = UnknownMegalight, sStarshipClass = Yacht, sPilots = [PersonId 39], sFilms = [FilmId 4], sCreatedAt = 2014-12-19 17:45:03.506 UTC, sEditedAt = 2014-12-20 21:23:49.919 UTC, sId = StarshipId 40}]})