Right (Index {iCount = 36, iNextPage = Page 4, iPreviousPage = Page 2, iResults = [Starship {sName = StarshipName "Scimitar", sModel = StarshipModel "Star Courier", sManufacturer = Manufacturer "Republic Sienar Systems", sCost = Amount 55000000, sLength = StarshipLength 26.5, sMaxAtmospheringSpeed = MaxSpeed 1180, sRequiredCrew = CrewAmount 1, sPassengerLimit = PassengerLimit 6, sCargoCapacity = Capacity 2500000, sConsumables = CDay 30, sHyperdriveRating = Rating 1.5, sMaxMegalight = UnknownMegalight, sStarshipClass = SpaceTransport, sPilots = [PersonId 44], sFilms = [FilmId 4], sCreatedAt = 2014-12-20 09:39:56.116 UTC, sEditedAt = 2014-12-20 21:23:49.922 UTC, sId = StarshipId 41},Starship {sName = StarshipName "J-type diplomatic barge", sModel = StarshipModel "J-type diplomatic barge", sManufacturer = Manufacturer "Theed Palace Space Vessel Engineering Corps, Nubia Star Drives", sCost = Amount 2000000, sLength = StarshipLength 39.0, sMaxAtmospheringSpeed = MaxSpeed 2000, sRequiredCrew = CrewAmount 5, sPassengerLimit = PassengerLimit 10, sCargoCapacity = UnknownCapacity, sConsumables = CYear 1, sHyperdriveRating = Rating 0.7, sMaxMegalight = UnknownMegalight, sStarshipClass = DiplomaticBarge, sPilots = [], sFilms = [FilmId 5], sCreatedAt = 2014-12-20 11:05:51.237 UTC, sEditedAt = 2014-12-20 21:23:49.925 UTC, sId = StarshipId 43},Starship {sName = StarshipName "AA-9 Coruscant freighter", sModel = StarshipModel "Botajef AA-9 Freighter-Liner", sManufacturer = Manufacturer "Botajef Shipyards", sCost = UnknownCost, sLength = StarshipLength 390.0, sMaxAtmospheringSpeed = UnknownSpeed, sRequiredCrew = UnknownAmount, sPassengerLimit = PassengerLimit 30000, sCargoCapacity = UnknownCapacity, sConsumables = UnknownConsumable, sHyperdriveRating = UnknownRating, sMaxMegalight = UnknownMegalight, sStarshipClass = Freighter, sPilots = [], sFilms = [FilmId 5], sCreatedAt = 2014-12-20 17:24:23.509 UTC, sEditedAt = 2014-12-20 21:23:49.928 UTC, sId = StarshipId 47},Starship {sName = StarshipName "Jedi starfighter", sModel = StarshipModel "Delta-7 Aethersprite-class interceptor", sManufacturer = Manufacturer "Kuat Systems Engineering", sCost = Amount 180000, sLength = StarshipLength 8.0, sMaxAtmospheringSpeed = MaxSpeed 1150, sRequiredCrew = CrewAmount 1, sPassengerLimit = PassengerLimit 0, sCargoCapacity = Capacity 60, sConsumables = CDay 7, sHyperdriveRating = Rating 1.0, sMaxMegalight = UnknownMegalight, sStarshipClass = Starfighter, sPilots = [PersonId 10,PersonId 58], sFilms = [FilmId 5,FilmId 6], sCreatedAt = 2014-12-20 17:35:23.906 UTC, sEditedAt = 2014-12-20 21:23:49.93 UTC, sId = StarshipId 48},Starship {sName = StarshipName "H-type Nubian yacht", sModel = StarshipModel "H-type Nubian yacht", sManufacturer = Manufacturer "Theed Palace Space Vessel Engineering Corps", sCost = UnknownCost, sLength = StarshipLength 47.9, sMaxAtmospheringSpeed = MaxSpeed 8000, sRequiredCrew = CrewAmount 4, sPassengerLimit = UnknownPassengerLimit, sCargoCapacity = UnknownCapacity, sConsumables = UnknownConsumable, sHyperdriveRating = Rating 0.9, sMaxMegalight = UnknownMegalight, sStarshipClass = Yacht, sPilots = [PersonId 35], sFilms = [FilmId 5], sCreatedAt = 2014-12-20 17:46:46.847 UTC, sEditedAt = 2014-12-20 21:23:49.932 UTC, sId = StarshipId 49},Starship {sName = StarshipName "Republic Assault ship", sModel = StarshipModel "Acclamator I-class assault ship", sManufacturer = Manufacturer "Rothana Heavy Engineering", sCost = UnknownCost, sLength = StarshipLength 752.0, sMaxAtmospheringSpeed = UnknownSpeed, sRequiredCrew = CrewAmount 700, sPassengerLimit = PassengerLimit 16000, sCargoCapacity = Capacity 11250000, sConsumables = CYear 2, sHyperdriveRating = Rating 0.6, sMaxMegalight = UnknownMegalight, sStarshipClass = AssaultShip, sPilots = [], sFilms = [FilmId 5], sCreatedAt = 2014-12-20 18:08:42.926 UTC, sEditedAt = 2014-12-20 21:23:49.935 UTC, sId = StarshipId 52},Starship {sName = StarshipName "Solar Sailer", sModel = StarshipModel "Punworcca 116-class interstellar sloop", sManufacturer = Manufacturer "Huppla Pasa Tisc Shipwrights Collective", sCost = Amount 35700, sLength = StarshipLength 15.2, sMaxAtmospheringSpeed = MaxSpeed 1600, sRequiredCrew = CrewAmount 3, sPassengerLimit = PassengerLimit 11, sCargoCapacity = Capacity 240, sConsumables = CDay 7, sHyperdriveRating = Rating 1.5, sMaxMegalight = UnknownMegalight, sStarshipClass = Yacht, sPilots = [], sFilms = [FilmId 5], sCreatedAt = 2014-12-20 18:37:56.969 UTC, sEditedAt = 2014-12-20 21:23:49.937 UTC, sId = StarshipId 58},Starship {sName = StarshipName "Trade Federation cruiser", sModel = StarshipModel "Providence-class carrier/destroyer", sManufacturer = Manufacturer "Rendili StarDrive, Free Dac Volunteers Engineering corps.", sCost = Amount 125000000, sLength = StarshipLength 1088.0, sMaxAtmospheringSpeed = MaxSpeed 1050, sRequiredCrew = CrewAmount 600, sPassengerLimit = PassengerLimit 48247, sCargoCapacity = Capacity 50000000, sConsumables = CYear 4, sHyperdriveRating = Rating 1.5, sMaxMegalight = UnknownMegalight, sStarshipClass = CapitalShip, sPilots = [PersonId 10,PersonId 11], sFilms = [FilmId 6], sCreatedAt = 2014-12-20 19:40:21.902 UTC, sEditedAt = 2014-12-20 21:23:49.941 UTC, sId = StarshipId 59},Starship {sName = StarshipName "Theta-class T-2c shuttle", sModel = StarshipModel "Theta-class T-2c shuttle", sManufacturer = Manufacturer "Cygnus Spaceworks", sCost = Amount 1000000, sLength = StarshipLength 18.5, sMaxAtmospheringSpeed = MaxSpeed 2000, sRequiredCrew = CrewAmount 5, sPassengerLimit = PassengerLimit 16, sCargoCapacity = Capacity 50000, sConsumables = CDay 56, sHyperdriveRating = Rating 1.0, sMaxMegalight = UnknownMegalight, sStarshipClass = Transport, sPilots = [], sFilms = [FilmId 6], sCreatedAt = 2014-12-20 19:48:40.409 UTC, sEditedAt = 2014-12-20 21:23:49.944 UTC, sId = StarshipId 61},Starship {sName = StarshipName "Republic attack cruiser", sModel = StarshipModel "Senator-class Star Destroyer", sManufacturer = Manufacturer "Kuat Drive Yards, Allanteen Six shipyards", sCost = Amount 59000000, sLength = StarshipLength 1137.0, sMaxAtmospheringSpeed = MaxSpeed 975, sRequiredCrew = CrewAmount 7400, sPassengerLimit = PassengerLimit 2000, sCargoCapacity = Capacity 20000000, sConsumables = CYear 2, sHyperdriveRating = Rating 1.0, sMaxMegalight = UnknownMegalight, sStarshipClass = StarDestroyer, sPilots = [], sFilms = [FilmId 6], sCreatedAt = 2014-12-20 19:52:56.232 UTC, sEditedAt = 2014-12-20 21:23:49.946 UTC, sId = StarshipId 63}]})