Right (Index {iCount = 36, iNextPage = NoPage, iPreviousPage = Page 3, iResults = [Starship {sName = StarshipName "Naboo star skiff", sModel = StarshipModel "J-type star skiff", sManufacturer = Manufacturer "Theed Palace Space Vessel Engineering Corps/Nubia Star Drives, Incorporated", sCost = UnknownCost, sLength = StarshipLength 29.2, sMaxAtmospheringSpeed = MaxSpeed 1050, sRequiredCrew = CrewAmount 3, sPassengerLimit = PassengerLimit 3, sCargoCapacity = UnknownCapacity, sConsumables = UnknownConsumable, sHyperdriveRating = Rating 0.5, sMaxMegalight = UnknownMegalight, sStarshipClass = Yacht, sPilots = [PersonId 10,PersonId 35], sFilms = [FilmId 6], sCreatedAt = 2014-12-20 19:55:15.396 UTC, sEditedAt = 2014-12-20 21:23:49.948 UTC, sId = StarshipId 64},Starship {sName = StarshipName "Jedi Interceptor", sModel = StarshipModel "Eta-2 Actis-class light interceptor", sManufacturer = Manufacturer "Kuat Systems Engineering", sCost = Amount 320000, sLength = StarshipLength 5.47, sMaxAtmospheringSpeed = MaxSpeed 1500, sRequiredCrew = CrewAmount 1, sPassengerLimit = PassengerLimit 0, sCargoCapacity = Capacity 60, sConsumables = CDay 2, sHyperdriveRating = Rating 1.0, sMaxMegalight = UnknownMegalight, sStarshipClass = Starfighter, sPilots = [PersonId 10,PersonId 11], sFilms = [FilmId 6], sCreatedAt = 2014-12-20 19:56:57.468 UTC, sEditedAt = 2014-12-20 21:23:49.951 UTC, sId = StarshipId 65},Starship {sName = StarshipName "arc-170", sModel = StarshipModel "Aggressive Reconnaissance-170 starfighte", sManufacturer = Manufacturer "Incom Corporation, Subpro Corporation", sCost = Amount 155000, sLength = StarshipLength 14.5, sMaxAtmospheringSpeed = MaxSpeed 1000, sRequiredCrew = CrewAmount 3, sPassengerLimit = PassengerLimit 0, sCargoCapacity = Capacity 110, sConsumables = CDay 5, sHyperdriveRating = Rating 1.0, sMaxMegalight = MaxMegalight 100, sStarshipClass = Starfighter, sPilots = [], sFilms = [FilmId 6], sCreatedAt = 2014-12-20 20:03:48.603 UTC, sEditedAt = 2014-12-20 21:23:49.953 UTC, sId = StarshipId 66},Starship {sName = StarshipName "Banking clan frigte", sModel = StarshipModel "Munificent-class star frigate", sManufacturer = Manufacturer "Hoersch-Kessel Drive, Inc, Gwori Revolutionary Industries", sCost = Amount 57000000, sLength = StarshipLength 825.0, sMaxAtmospheringSpeed = UnknownSpeed, sRequiredCrew = CrewAmount 200, sPassengerLimit = UnknownPassengerLimit, sCargoCapacity = Capacity 40000000, sConsumables = CYear 2, sHyperdriveRating = Rating 1.0, sMaxMegalight = UnknownMegalight, sStarshipClass = Cruiser, sPilots = [], sFilms = [FilmId 6], sCreatedAt = 2014-12-20 20:07:11.538 UTC, sEditedAt = 2014-12-20 21:23:49.956 UTC, sId = StarshipId 68},Starship {sName = StarshipName "Belbullab-22 starfighter", sModel = StarshipModel "Belbullab-22 starfighter", sManufacturer = Manufacturer "Feethan Ottraw Scalable Assemblies", sCost = Amount 168000, sLength = StarshipLength 6.71, sMaxAtmospheringSpeed = MaxSpeed 1100, sRequiredCrew = CrewAmount 1, sPassengerLimit = PassengerLimit 0, sCargoCapacity = Capacity 140, sConsumables = CDay 7, sHyperdriveRating = Rating 6.0, sMaxMegalight = UnknownMegalight, sStarshipClass = Starfighter, sPilots = [PersonId 10,PersonId 79], sFilms = [FilmId 6], sCreatedAt = 2014-12-20 20:38:05.031 UTC, sEditedAt = 2014-12-20 21:23:49.959 UTC, sId = StarshipId 74},Starship {sName = StarshipName "V-wing", sModel = StarshipModel "Alpha-3 Nimbus-class V-wing starfighter", sManufacturer = Manufacturer "Kuat Systems Engineering", sCost = Amount 102500, sLength = StarshipLength 7.9, sMaxAtmospheringSpeed = MaxSpeed 1050, sRequiredCrew = CrewAmount 1, sPassengerLimit = PassengerLimit 0, sCargoCapacity = Capacity 60, sConsumables = CHour 15, sHyperdriveRating = Rating 1.0, sMaxMegalight = UnknownMegalight, sStarshipClass = Starfighter, sPilots = [], sFilms = [FilmId 6], sCreatedAt = 2014-12-20 20:43:04.349 UTC, sEditedAt = 2014-12-20 21:23:49.961 UTC, sId = StarshipId 75}]})