Right (Index {iCount = 60, iNextPage = Page 3, iPreviousPage = Page 1, iResults = [Planet {plName = MkPlanetName "Geonosis", plRotationPeriod = RotationPeriod 30, plOrbitalPeriod = OrbitalPeriod 256, plDiameter = Diameter 11370, plClimate = [Temperate,Arid], plGravity = Standard 0.9, plTerrain = [Rock,Desert,Mountain,Barren], plSurfaceWaterPercent = Percentage 5.0, plPopulation = Population 100000000000, plResidents = [PersonId 63], plFilms = [FilmId 5], plCreatedAt = 2014-12-10 12:47:22.35 UTC, plEditedAt = 2014-12-20 20:58:18.437 UTC, plId = PlanetId 11},Planet {plName = MkPlanetName "Utapau", plRotationPeriod = RotationPeriod 27, plOrbitalPeriod = OrbitalPeriod 351, plDiameter = Diameter 12900, plClimate = [Temperate,Arid,Windy], plGravity = Standard 1.0, plTerrain = [Scrubland,Savannah,Canyon,Sinkhole], plSurfaceWaterPercent = Percentage 0.9, plPopulation = Population 95000000, plResidents = [PersonId 83], plFilms = [FilmId 6], plCreatedAt = 2014-12-10 12:49:01.491 UTC, plEditedAt = 2014-12-20 20:58:18.439 UTC, plId = PlanetId 12},Planet {plName = MkPlanetName "Mustafar", plRotationPeriod = RotationPeriod 36, plOrbitalPeriod = OrbitalPeriod 412, plDiameter = Diameter 4200, plClimate = [Hot], plGravity = Standard 1.0, plTerrain = [Volcanoe,LavaRiver,Mountain,Cave], plSurfaceWaterPercent = Percentage 0.0, plPopulation = Population 20000, plResidents = [], plFilms = [FilmId 6], plCreatedAt = 2014-12-10 12:50:16.526 UTC, plEditedAt = 2014-12-20 20:58:18.44 UTC, plId = PlanetId 13},Planet {plName = MkPlanetName "Kashyyyk", plRotationPeriod = RotationPeriod 26, plOrbitalPeriod = OrbitalPeriod 381, plDiameter = Diameter 12765, plClimate = [Tropical], plGravity = Standard 1.0, plTerrain = [Jungle,Forest,Lake,River], plSurfaceWaterPercent = Percentage 60.0, plPopulation = Population 45000000, plResidents = [PersonId 13,PersonId 80], plFilms = [FilmId 6], plCreatedAt = 2014-12-10 13:32:00.124 UTC, plEditedAt = 2014-12-20 20:58:18.442 UTC, plId = PlanetId 14},Planet {plName = MkPlanetName "Polis Massa", plRotationPeriod = RotationPeriod 24, plOrbitalPeriod = OrbitalPeriod 590, plDiameter = Diameter 0, plClimate = [ArtificialTemperate], plGravity = Standard 0.56, plTerrain = [AirlessAsteroid], plSurfaceWaterPercent = Percentage 0.0, plPopulation = Population 1000000, plResidents = [], plFilms = [FilmId 6], plCreatedAt = 2014-12-10 13:33:46.405 UTC, plEditedAt = 2014-12-20 20:58:18.444 UTC, plId = PlanetId 15},Planet {plName = MkPlanetName "Mygeeto", plRotationPeriod = RotationPeriod 12, plOrbitalPeriod = OrbitalPeriod 167, plDiameter = Diameter 10088, plClimate = [Frigid], plGravity = Standard 1.0, plTerrain = [Glacier,Mountain,IceCanyon], plSurfaceWaterPercent = UnknownPercentage, plPopulation = Population 19000000, plResidents = [], plFilms = [FilmId 6], plCreatedAt = 2014-12-10 13:43:39.139 UTC, plEditedAt = 2014-12-20 20:58:18.446 UTC, plId = PlanetId 16},Planet {plName = MkPlanetName "Felucia", plRotationPeriod = RotationPeriod 34, plOrbitalPeriod = OrbitalPeriod 231, plDiameter = Diameter 9100, plClimate = [Hot,Humid], plGravity = Standard 0.75, plTerrain = [FungusForest], plSurfaceWaterPercent = UnknownPercentage, plPopulation = Population 8500000, plResidents = [], plFilms = [FilmId 6], plCreatedAt = 2014-12-10 13:44:50.397 UTC, plEditedAt = 2014-12-20 20:58:18.447 UTC, plId = PlanetId 17},Planet {plName = MkPlanetName "Cato Neimoidia", plRotationPeriod = RotationPeriod 25, plOrbitalPeriod = OrbitalPeriod 278, plDiameter = Diameter 0, plClimate = [Temperate,Moist], plGravity = Standard 1.0, plTerrain = [Mountain,Field,Forest,RockArch], plSurfaceWaterPercent = UnknownPercentage, plPopulation = Population 10000000, plResidents = [PersonId 33], plFilms = [FilmId 6], plCreatedAt = 2014-12-10 13:46:28.704 UTC, plEditedAt = 2014-12-20 20:58:18.449 UTC, plId = PlanetId 18},Planet {plName = MkPlanetName "Saleucami", plRotationPeriod = RotationPeriod 26, plOrbitalPeriod = OrbitalPeriod 392, plDiameter = Diameter 14920, plClimate = [Hot], plGravity = UnknownGravity, plTerrain = [Cave,Desert,Mountain,Volcanoe], plSurfaceWaterPercent = UnknownPercentage, plPopulation = Population 1400000000, plResidents = [], plFilms = [FilmId 6], plCreatedAt = 2014-12-10 13:47:46.874 UTC, plEditedAt = 2014-12-20 20:58:18.45 UTC, plId = PlanetId 19},Planet {plName = MkPlanetName "Stewjon", plRotationPeriod = UnknownRotationPeriod, plOrbitalPeriod = UnknownOrbitalPeriod, plDiameter = Diameter 0, plClimate = [Temperate], plGravity = Standard 1.0, plTerrain = [Grass], plSurfaceWaterPercent = UnknownPercentage, plPopulation = UnknownPopulation, plResidents = [PersonId 10], plFilms = [], plCreatedAt = 2014-12-10 16:16:26.566 UTC, plEditedAt = 2014-12-20 20:58:18.452 UTC, plId = PlanetId 20}]})