Right (Index {iCount = 60, iNextPage = Page 4, iPreviousPage = Page 2, iResults = [Planet {plName = MkPlanetName "Eriadu", plRotationPeriod = RotationPeriod 24, plOrbitalPeriod = OrbitalPeriod 360, plDiameter = Diameter 13490, plClimate = [Polluted], plGravity = Standard 1.0, plTerrain = [Cityscape], plSurfaceWaterPercent = UnknownPercentage, plPopulation = Population 22000000000, plResidents = [PersonId 12], plFilms = [], plCreatedAt = 2014-12-10 16:26:54.384 UTC, plEditedAt = 2014-12-20 20:58:18.454 UTC, plId = PlanetId 21},Planet {plName = MkPlanetName "Corellia", plRotationPeriod = RotationPeriod 25, plOrbitalPeriod = OrbitalPeriod 329, plDiameter = Diameter 11000, plClimate = [Temperate], plGravity = Standard 1.0, plTerrain = [Plain,Urban,Hill,Forest], plSurfaceWaterPercent = Percentage 70.0, plPopulation = Population 3000000000, plResidents = [PersonId 14,PersonId 18], plFilms = [], plCreatedAt = 2014-12-10 16:49:12.453 UTC, plEditedAt = 2014-12-20 20:58:18.456 UTC, plId = PlanetId 22},Planet {plName = MkPlanetName "Rodia", plRotationPeriod = RotationPeriod 29, plOrbitalPeriod = OrbitalPeriod 305, plDiameter = Diameter 7549, plClimate = [Hot], plGravity = Standard 1.0, plTerrain = [Jungle,Ocean,Urban,Swamp], plSurfaceWaterPercent = Percentage 60.0, plPopulation = Population 1300000000, plResidents = [PersonId 15], plFilms = [], plCreatedAt = 2014-12-10 17:03:28.11 UTC, plEditedAt = 2014-12-20 20:58:18.458 UTC, plId = PlanetId 23},Planet {plName = MkPlanetName "Nal Hutta", plRotationPeriod = RotationPeriod 87, plOrbitalPeriod = OrbitalPeriod 413, plDiameter = Diameter 12150, plClimate = [Temperate], plGravity = Standard 1.0, plTerrain = [Urban,Ocean,Swamp,Bog], plSurfaceWaterPercent = UnknownPercentage, plPopulation = Population 7000000000, plResidents = [PersonId 16], plFilms = [], plCreatedAt = 2014-12-10 17:11:29.452 UTC, plEditedAt = 2014-12-20 20:58:18.46 UTC, plId = PlanetId 24},Planet {plName = MkPlanetName "Dantooine", plRotationPeriod = RotationPeriod 25, plOrbitalPeriod = OrbitalPeriod 378, plDiameter = Diameter 9830, plClimate = [Temperate], plGravity = Standard 1.0, plTerrain = [Ocean,Savannah,Mountain,Grassland], plSurfaceWaterPercent = UnknownPercentage, plPopulation = Population 1000, plResidents = [], plFilms = [], plCreatedAt = 2014-12-10 17:23:29.896 UTC, plEditedAt = 2014-12-20 20:58:18.461 UTC, plId = PlanetId 25},Planet {plName = MkPlanetName "Bestine IV", plRotationPeriod = RotationPeriod 26, plOrbitalPeriod = OrbitalPeriod 680, plDiameter = Diameter 6400, plClimate = [Temperate], plGravity = UnknownGravity, plTerrain = [RockyIsland,Ocean], plSurfaceWaterPercent = Percentage 98.0, plPopulation = Population 62000000, plResidents = [PersonId 19], plFilms = [], plCreatedAt = 2014-12-12 11:16:55.078 UTC, plEditedAt = 2014-12-20 20:58:18.463 UTC, plId = PlanetId 26},Planet {plName = MkPlanetName "Ord Mantell", plRotationPeriod = RotationPeriod 26, plOrbitalPeriod = OrbitalPeriod 334, plDiameter = Diameter 14050, plClimate = [Temperate], plGravity = Standard 1.0, plTerrain = [Plain,Sea,Mesas], plSurfaceWaterPercent = Percentage 10.0, plPopulation = Population 4000000000, plResidents = [], plFilms = [FilmId 2], plCreatedAt = 2014-12-15 12:23:41.661 UTC, plEditedAt = 2014-12-20 20:58:18.464 UTC, plId = PlanetId 27},Planet {plName = MkPlanetName "unknown", plRotationPeriod = RotationPeriod 0, plOrbitalPeriod = OrbitalPeriod 0, plDiameter = Diameter 0, plClimate = [UnknownClimate], plGravity = UnknownGravity, plTerrain = [UnknownTerrain], plSurfaceWaterPercent = UnknownPercentage, plPopulation = UnknownPopulation, plResidents = [PersonId 20,PersonId 23,PersonId 29,PersonId 32,PersonId 75], plFilms = [], plCreatedAt = 2014-12-15 12:25:59.569 UTC, plEditedAt = 2014-12-20 20:58:18.466 UTC, plId = PlanetId 28},Planet {plName = MkPlanetName "Trandosha", plRotationPeriod = RotationPeriod 25, plOrbitalPeriod = OrbitalPeriod 371, plDiameter = Diameter 0, plClimate = [Arid], plGravity = Standard 0.62, plTerrain = [Mountain,Sea,Grassland,Desert], plSurfaceWaterPercent = UnknownPercentage, plPopulation = Population 42000000, plResidents = [PersonId 24], plFilms = [], plCreatedAt = 2014-12-15 12:53:47.695 UTC, plEditedAt = 2014-12-20 20:58:18.468 UTC, plId = PlanetId 29},Planet {plName = MkPlanetName "Socorro", plRotationPeriod = RotationPeriod 20, plOrbitalPeriod = OrbitalPeriod 326, plDiameter = Diameter 0, plClimate = [Arid], plGravity = Standard 1.0, plTerrain = [Desert,Mountain], plSurfaceWaterPercent = UnknownPercentage, plPopulation = Population 300000000, plResidents = [PersonId 25], plFilms = [], plCreatedAt = 2014-12-15 12:56:31.121 UTC, plEditedAt = 2014-12-20 20:58:18.469 UTC, plId = PlanetId 30}]})