Right (Index {iCount = 60, iNextPage = Page 5, iPreviousPage = Page 3, iResults = [Planet {plName = MkPlanetName "Mon Cala", plRotationPeriod = RotationPeriod 21, plOrbitalPeriod = OrbitalPeriod 398, plDiameter = Diameter 11030, plClimate = [Temperate], plGravity = Standard 1.0, plTerrain = [Ocean,Reef,Island], plSurfaceWaterPercent = Percentage 100.0, plPopulation = Population 27000000000, plResidents = [PersonId 27], plFilms = [], plCreatedAt = 2014-12-18 11:07:01.792 UTC, plEditedAt = 2014-12-20 20:58:18.471 UTC, plId = PlanetId 31},Planet {plName = MkPlanetName "Chandrila", plRotationPeriod = RotationPeriod 20, plOrbitalPeriod = OrbitalPeriod 368, plDiameter = Diameter 13500, plClimate = [Temperate], plGravity = Standard 1.0, plTerrain = [Plain,Forest], plSurfaceWaterPercent = Percentage 40.0, plPopulation = Population 1200000000, plResidents = [PersonId 28], plFilms = [], plCreatedAt = 2014-12-18 11:11:51.872 UTC, plEditedAt = 2014-12-20 20:58:18.472 UTC, plId = PlanetId 32},Planet {plName = MkPlanetName "Sullust", plRotationPeriod = RotationPeriod 20, plOrbitalPeriod = OrbitalPeriod 263, plDiameter = Diameter 12780, plClimate = [Superheated], plGravity = Standard 1.0, plTerrain = [Mountain,Volcanoe,RockyDesert], plSurfaceWaterPercent = Percentage 5.0, plPopulation = Population 18500000000, plResidents = [PersonId 31], plFilms = [], plCreatedAt = 2014-12-18 11:25:40.243 UTC, plEditedAt = 2014-12-20 20:58:18.474 UTC, plId = PlanetId 33},Planet {plName = MkPlanetName "Toydaria", plRotationPeriod = RotationPeriod 21, plOrbitalPeriod = OrbitalPeriod 184, plDiameter = Diameter 7900, plClimate = [Temperate], plGravity = Standard 1.0, plTerrain = [Swamp,Lake], plSurfaceWaterPercent = UnknownPercentage, plPopulation = Population 11000000, plResidents = [PersonId 40], plFilms = [], plCreatedAt = 2014-12-19 17:47:54.403 UTC, plEditedAt = 2014-12-20 20:58:18.476 UTC, plId = PlanetId 34},Planet {plName = MkPlanetName "Malastare", plRotationPeriod = RotationPeriod 26, plOrbitalPeriod = OrbitalPeriod 201, plDiameter = Diameter 18880, plClimate = [Arid,Temperate,Tropical], plGravity = Standard 1.56, plTerrain = [Swamp,Desert,Jungle,Mountain], plSurfaceWaterPercent = UnknownPercentage, plPopulation = Population 2000000000, plResidents = [PersonId 41], plFilms = [], plCreatedAt = 2014-12-19 17:52:13.106 UTC, plEditedAt = 2014-12-20 20:58:18.478 UTC, plId = PlanetId 35},Planet {plName = MkPlanetName "Dathomir", plRotationPeriod = RotationPeriod 24, plOrbitalPeriod = OrbitalPeriod 491, plDiameter = Diameter 10480, plClimate = [Temperate], plGravity = Standard 0.9, plTerrain = [Forest,Desert,Savannah], plSurfaceWaterPercent = UnknownPercentage, plPopulation = Population 5200, plResidents = [PersonId 44], plFilms = [], plCreatedAt = 2014-12-19 18:00:40.142 UTC, plEditedAt = 2014-12-20 20:58:18.48 UTC, plId = PlanetId 36},Planet {plName = MkPlanetName "Ryloth", plRotationPeriod = RotationPeriod 30, plOrbitalPeriod = OrbitalPeriod 305, plDiameter = Diameter 10600, plClimate = [Temperate,Arid,Subarctic], plGravity = Standard 1.0, plTerrain = [Mountain,Valley,Desert,Tundra], plSurfaceWaterPercent = Percentage 5.0, plPopulation = Population 1500000000, plResidents = [PersonId 45,PersonId 46], plFilms = [], plCreatedAt = 2014-12-20 09:46:25.74 UTC, plEditedAt = 2014-12-20 20:58:18.481 UTC, plId = PlanetId 37},Planet {plName = MkPlanetName "Aleen Minor", plRotationPeriod = UnknownRotationPeriod, plOrbitalPeriod = UnknownOrbitalPeriod, plDiameter = UnknownDiameter, plClimate = [UnknownClimate], plGravity = UnknownGravity, plTerrain = [UnknownTerrain], plSurfaceWaterPercent = UnknownPercentage, plPopulation = UnknownPopulation, plResidents = [PersonId 47], plFilms = [], plCreatedAt = 2014-12-20 09:52:23.452 UTC, plEditedAt = 2014-12-20 20:58:18.483 UTC, plId = PlanetId 38},Planet {plName = MkPlanetName "Vulpter", plRotationPeriod = RotationPeriod 22, plOrbitalPeriod = OrbitalPeriod 391, plDiameter = Diameter 14900, plClimate = [Temperate,Arctic], plGravity = Standard 1.0, plTerrain = [Urban,Barren], plSurfaceWaterPercent = UnknownPercentage, plPopulation = Population 421000000, plResidents = [PersonId 48], plFilms = [], plCreatedAt = 2014-12-20 09:56:58.874 UTC, plEditedAt = 2014-12-20 20:58:18.485 UTC, plId = PlanetId 39},Planet {plName = MkPlanetName "Troiken", plRotationPeriod = UnknownRotationPeriod, plOrbitalPeriod = UnknownOrbitalPeriod, plDiameter = UnknownDiameter, plClimate = [UnknownClimate], plGravity = UnknownGravity, plTerrain = [Desert,Tundra,Rainforest,Mountain], plSurfaceWaterPercent = UnknownPercentage, plPopulation = UnknownPopulation, plResidents = [PersonId 49], plFilms = [], plCreatedAt = 2014-12-20 10:01:37.395 UTC, plEditedAt = 2014-12-20 20:58:18.487 UTC, plId = PlanetId 40}]})