Right (Index {iCount = 60, iNextPage = Page 6, iPreviousPage = Page 4, iResults = [Planet {plName = MkPlanetName "Tund", plRotationPeriod = RotationPeriod 48, plOrbitalPeriod = OrbitalPeriod 1770, plDiameter = Diameter 12190, plClimate = [UnknownClimate], plGravity = UnknownGravity, plTerrain = [Barren,Ash], plSurfaceWaterPercent = UnknownPercentage, plPopulation = Population 0, plResidents = [PersonId 50], plFilms = [], plCreatedAt = 2014-12-20 10:07:29.578 UTC, plEditedAt = 2014-12-20 20:58:18.489 UTC, plId = PlanetId 41},Planet {plName = MkPlanetName "Haruun Kal", plRotationPeriod = RotationPeriod 25, plOrbitalPeriod = OrbitalPeriod 383, plDiameter = Diameter 10120, plClimate = [Temperate], plGravity = Standard 0.98, plTerrain = [ToxicCloudsea,Plateau,Volcanoe], plSurfaceWaterPercent = UnknownPercentage, plPopulation = Population 705300, plResidents = [PersonId 51], plFilms = [], plCreatedAt = 2014-12-20 10:12:28.98 UTC, plEditedAt = 2014-12-20 20:58:18.491 UTC, plId = PlanetId 42},Planet {plName = MkPlanetName "Cerea", plRotationPeriod = RotationPeriod 27, plOrbitalPeriod = OrbitalPeriod 386, plDiameter = UnknownDiameter, plClimate = [Temperate], plGravity = Standard 1.0, plTerrain = [Verdant], plSurfaceWaterPercent = Percentage 20.0, plPopulation = Population 450000000, plResidents = [PersonId 52], plFilms = [], plCreatedAt = 2014-12-20 10:14:48.178 UTC, plEditedAt = 2014-12-20 20:58:18.493 UTC, plId = PlanetId 43},Planet {plName = MkPlanetName "Glee Anselm", plRotationPeriod = RotationPeriod 33, plOrbitalPeriod = OrbitalPeriod 206, plDiameter = Diameter 15600, plClimate = [Tropical,Temperate], plGravity = Standard 1.0, plTerrain = [Lake,Island,Swamp,Sea], plSurfaceWaterPercent = Percentage 80.0, plPopulation = Population 500000000, plResidents = [PersonId 53], plFilms = [], plCreatedAt = 2014-12-20 10:18:26.11 UTC, plEditedAt = 2014-12-20 20:58:18.495 UTC, plId = PlanetId 44},Planet {plName = MkPlanetName "Iridonia", plRotationPeriod = RotationPeriod 29, plOrbitalPeriod = OrbitalPeriod 413, plDiameter = UnknownDiameter, plClimate = [UnknownClimate], plGravity = UnknownGravity, plTerrain = [RockyCanyon,AcidPool], plSurfaceWaterPercent = UnknownPercentage, plPopulation = UnknownPopulation, plResidents = [PersonId 54], plFilms = [], plCreatedAt = 2014-12-20 10:26:05.788 UTC, plEditedAt = 2014-12-20 20:58:18.497 UTC, plId = PlanetId 45},Planet {plName = MkPlanetName "Tholoth", plRotationPeriod = UnknownRotationPeriod, plOrbitalPeriod = UnknownOrbitalPeriod, plDiameter = UnknownDiameter, plClimate = [UnknownClimate], plGravity = UnknownGravity, plTerrain = [UnknownTerrain], plSurfaceWaterPercent = UnknownPercentage, plPopulation = UnknownPopulation, plResidents = [], plFilms = [], plCreatedAt = 2014-12-20 10:28:31.117 UTC, plEditedAt = 2014-12-20 20:58:18.498 UTC, plId = PlanetId 46},Planet {plName = MkPlanetName "Iktotch", plRotationPeriod = RotationPeriod 22, plOrbitalPeriod = OrbitalPeriod 481, plDiameter = UnknownDiameter, plClimate = [Arid,RockyClimate,Windy], plGravity = Standard 1.0, plTerrain = [RockyTerrain], plSurfaceWaterPercent = UnknownPercentage, plPopulation = UnknownPopulation, plResidents = [PersonId 56], plFilms = [], plCreatedAt = 2014-12-20 10:31:32.413 UTC, plEditedAt = 2014-12-20 20:58:18.5 UTC, plId = PlanetId 47},Planet {plName = MkPlanetName "Quermia", plRotationPeriod = UnknownRotationPeriod, plOrbitalPeriod = UnknownOrbitalPeriod, plDiameter = UnknownDiameter, plClimate = [UnknownClimate], plGravity = UnknownGravity, plTerrain = [UnknownTerrain], plSurfaceWaterPercent = UnknownPercentage, plPopulation = UnknownPopulation, plResidents = [PersonId 57], plFilms = [], plCreatedAt = 2014-12-20 10:34:08.249 UTC, plEditedAt = 2014-12-20 20:58:18.502 UTC, plId = PlanetId 48},Planet {plName = MkPlanetName "Dorin", plRotationPeriod = RotationPeriod 22, plOrbitalPeriod = OrbitalPeriod 409, plDiameter = Diameter 13400, plClimate = [Temperate], plGravity = Standard 1.0, plTerrain = [UnknownTerrain], plSurfaceWaterPercent = UnknownPercentage, plPopulation = UnknownPopulation, plResidents = [PersonId 58], plFilms = [], plCreatedAt = 2014-12-20 10:48:36.141 UTC, plEditedAt = 2014-12-20 20:58:18.504 UTC, plId = PlanetId 49},Planet {plName = MkPlanetName "Champala", plRotationPeriod = RotationPeriod 27, plOrbitalPeriod = OrbitalPeriod 318, plDiameter = UnknownDiameter, plClimate = [Temperate], plGravity = Standard 1.0, plTerrain = [Ocean,Rainforest,Plateau], plSurfaceWaterPercent = UnknownPercentage, plPopulation = Population 3500000000, plResidents = [PersonId 59], plFilms = [], plCreatedAt = 2014-12-20 10:52:51.524 UTC, plEditedAt = 2014-12-20 20:58:18.506 UTC, plId = PlanetId 50}]})