Right (Index {iCount = 60, iNextPage = NoPage, iPreviousPage = Page 5, iResults = [Planet {plName = MkPlanetName "Mirial", plRotationPeriod = UnknownRotationPeriod, plOrbitalPeriod = UnknownOrbitalPeriod, plDiameter = UnknownDiameter, plClimate = [UnknownClimate], plGravity = UnknownGravity, plTerrain = [Desert], plSurfaceWaterPercent = UnknownPercentage, plPopulation = UnknownPopulation, plResidents = [PersonId 64,PersonId 65], plFilms = [], plCreatedAt = 2014-12-20 16:44:46.318 UTC, plEditedAt = 2014-12-20 20:58:18.508 UTC, plId = PlanetId 51},Planet {plName = MkPlanetName "Serenno", plRotationPeriod = UnknownRotationPeriod, plOrbitalPeriod = UnknownOrbitalPeriod, plDiameter = UnknownDiameter, plClimate = [UnknownClimate], plGravity = UnknownGravity, plTerrain = [Rainforest,River,Mountain], plSurfaceWaterPercent = UnknownPercentage, plPopulation = UnknownPopulation, plResidents = [PersonId 67], plFilms = [], plCreatedAt = 2014-12-20 16:52:13.357 UTC, plEditedAt = 2014-12-20 20:58:18.51 UTC, plId = PlanetId 52},Planet {plName = MkPlanetName "Concord Dawn", plRotationPeriod = UnknownRotationPeriod, plOrbitalPeriod = UnknownOrbitalPeriod, plDiameter = UnknownDiameter, plClimate = [UnknownClimate], plGravity = UnknownGravity, plTerrain = [Jungle,Forest,Desert], plSurfaceWaterPercent = UnknownPercentage, plPopulation = UnknownPopulation, plResidents = [PersonId 69], plFilms = [], plCreatedAt = 2014-12-20 16:54:39.909 UTC, plEditedAt = 2014-12-20 20:58:18.512 UTC, plId = PlanetId 53},Planet {plName = MkPlanetName "Zolan", plRotationPeriod = UnknownRotationPeriod, plOrbitalPeriod = UnknownOrbitalPeriod, plDiameter = UnknownDiameter, plClimate = [UnknownClimate], plGravity = UnknownGravity, plTerrain = [UnknownTerrain], plSurfaceWaterPercent = UnknownPercentage, plPopulation = UnknownPopulation, plResidents = [PersonId 70], plFilms = [], plCreatedAt = 2014-12-20 16:56:37.25 UTC, plEditedAt = 2014-12-20 20:58:18.514 UTC, plId = PlanetId 54},Planet {plName = MkPlanetName "Ojom", plRotationPeriod = UnknownRotationPeriod, plOrbitalPeriod = UnknownOrbitalPeriod, plDiameter = UnknownDiameter, plClimate = [Frigid], plGravity = UnknownGravity, plTerrain = [Ocean,Glacier], plSurfaceWaterPercent = Percentage 100.0, plPopulation = Population 500000000, plResidents = [PersonId 71], plFilms = [], plCreatedAt = 2014-12-20 17:27:41.286 UTC, plEditedAt = 2014-12-20 20:58:18.516 UTC, plId = PlanetId 55},Planet {plName = MkPlanetName "Skako", plRotationPeriod = RotationPeriod 27, plOrbitalPeriod = OrbitalPeriod 384, plDiameter = UnknownDiameter, plClimate = [Temperate], plGravity = Standard 1.0, plTerrain = [Urban,Vines], plSurfaceWaterPercent = UnknownPercentage, plPopulation = Population 500000000000, plResidents = [PersonId 76], plFilms = [], plCreatedAt = 2014-12-20 17:50:47.864 UTC, plEditedAt = 2014-12-20 20:58:18.517 UTC, plId = PlanetId 56},Planet {plName = MkPlanetName "Muunilinst", plRotationPeriod = RotationPeriod 28, plOrbitalPeriod = OrbitalPeriod 412, plDiameter = Diameter 13800, plClimate = [Temperate], plGravity = Standard 1.0, plTerrain = [Plain,Forest,Hill,Mountain], plSurfaceWaterPercent = Percentage 25.0, plPopulation = Population 5000000000, plResidents = [PersonId 77], plFilms = [], plCreatedAt = 2014-12-20 17:57:47.42 UTC, plEditedAt = 2014-12-20 20:58:18.519 UTC, plId = PlanetId 57},Planet {plName = MkPlanetName "Shili", plRotationPeriod = UnknownRotationPeriod, plOrbitalPeriod = UnknownOrbitalPeriod, plDiameter = UnknownDiameter, plClimate = [Temperate], plGravity = Standard 1.0, plTerrain = [Cities,Savannah,Sea,Plain], plSurfaceWaterPercent = UnknownPercentage, plPopulation = UnknownPopulation, plResidents = [PersonId 78], plFilms = [], plCreatedAt = 2014-12-20 18:43:14.049 UTC, plEditedAt = 2014-12-20 20:58:18.521 UTC, plId = PlanetId 58},Planet {plName = MkPlanetName "Kalee", plRotationPeriod = RotationPeriod 23, plOrbitalPeriod = OrbitalPeriod 378, plDiameter = Diameter 13850, plClimate = [Arid,Temperate,Tropical], plGravity = Standard 1.0, plTerrain = [Rainforest,Cliff,Canyon,Sea], plSurfaceWaterPercent = UnknownPercentage, plPopulation = Population 4000000000, plResidents = [PersonId 79], plFilms = [], plCreatedAt = 2014-12-20 19:43:51.278 UTC, plEditedAt = 2014-12-20 20:58:18.523 UTC, plId = PlanetId 59},Planet {plName = MkPlanetName "Umbara", plRotationPeriod = UnknownRotationPeriod, plOrbitalPeriod = UnknownOrbitalPeriod, plDiameter = UnknownDiameter, plClimate = [UnknownClimate], plGravity = UnknownGravity, plTerrain = [UnknownTerrain], plSurfaceWaterPercent = UnknownPercentage, plPopulation = UnknownPopulation, plResidents = [PersonId 82], plFilms = [], plCreatedAt = 2014-12-20 20:18:36.256 UTC, plEditedAt = 2014-12-20 20:58:18.525 UTC, plId = PlanetId 60}]})