Right (Film {fTitle = "A New Hope", fEpisodeId = 4, fOpeningCrawl = OpeningCrawl "It is a period of civil war.\r\nRebel spaceships, striking\r\nfrom a hidden base, have won\r\ntheir first victory against\r\nthe evil Galactic Empire.\r\n\r\nDuring the battle, Rebel\r\nspies managed to steal secret\r\nplans to the Empire's\r\nultimate weapon, the DEATH\r\nSTAR, an armored space\r\nstation with enough power\r\nto destroy an entire planet.\r\n\r\nPursued by the Empire's\r\nsinister agents, Princess\r\nLeia races home aboard her\r\nstarship, custodian of the\r\nstolen plans that can save her\r\npeople and restore\r\nfreedom to the galaxy....", fDirector = Director "George Lucas", fProducers = [Producer "Gary Kurtz",Producer "Rick McCallum"], fReleaseDate = 1977-05-25, fCharacters = [PersonId 1,PersonId 2,PersonId 3,PersonId 4,PersonId 5,PersonId 6,PersonId 7,PersonId 8,PersonId 9,PersonId 10,PersonId 12,PersonId 13,PersonId 14,PersonId 15,PersonId 16,PersonId 18,PersonId 19,PersonId 81], fPlanets = [HomeworldId 1,HomeworldId 2,HomeworldId 3], fStarships = [StarshipId 2,StarshipId 3,StarshipId 5,StarshipId 9,StarshipId 10,StarshipId 11,StarshipId 12,StarshipId 13], fVehicles = [VehicleId 4,VehicleId 6,VehicleId 7,VehicleId 8], fSpecies = [SpeciesId 1,SpeciesId 2,SpeciesId 3,SpeciesId 4,SpeciesId 5], fCreatedAt = 2014-12-10 14:23:31.88 UTC, fEditedAt = 2014-12-20 19:49:45.256 UTC, fId = FilmId 1})