{"species":"https://swapi.dev/api/species/","films":"https://swapi.dev/api/films/","vehicles":"https://swapi.dev/api/vehicles/","people":"https://swapi.dev/api/people/","starships":"https://swapi.dev/api/starships/","planets":"https://swapi.dev/api/planets/"}