Right (Index {iCount = 82, iNextPage = Page 3, iPreviousPage = Page 1, iResults = [Person {pName = PersonName "Anakin Skywalker", pHeight = Height 188, pMass = Mass 84.0, pHairColor = [BlondHair], pSkinColor = [FairSkin], pEyeColor = [BlueEye], pBirthYear = BBY 41.9, pGender = Male, pHomeworldId = PlanetId 1, pFilmIds = [FilmId 4,FilmId 5,FilmId 6], pSpeciesIds = [], pVehicleIds = [VehicleId 44,VehicleId 46], pStarshipIds = [StarshipId 39,StarshipId 59,StarshipId 65], pCreatedAt = 2014-12-10 16:20:44.31 UTC, pEditedAt = 2014-12-20 21:17:50.327 UTC, pId = PersonId 11},Person {pName = PersonName "Wilhuff Tarkin", pHeight = Height 180, pMass = UnknownMass, pHairColor = [AuburnHair,GreyHair], pSkinColor = [FairSkin], pEyeColor = [BlueEye], pBirthYear = BBY 64.0, pGender = Male, pHomeworldId = PlanetId 21, pFilmIds = [FilmId 1,FilmId 6], pSpeciesIds = [], pVehicleIds = [], pStarshipIds = [], pCreatedAt = 2014-12-10 16:26:56.138 UTC, pEditedAt = 2014-12-20 21:17:50.33 UTC, pId = PersonId 12},Person {pName = PersonName "Chewbacca", pHeight = Height 228, pMass = Mass 112.0, pHairColor = [BrownHair], pSkinColor = [UnknownSkinColor], pEyeColor = [BlueEye], pBirthYear = BBY 200.0, pGender = Male, pHomeworldId = PlanetId 14, pFilmIds = [FilmId 1,FilmId 2,FilmId 3,FilmId 6], pSpeciesIds = [SpeciesId 3], pVehicleIds = [VehicleId 19], pStarshipIds = [StarshipId 10,StarshipId 22], pCreatedAt = 2014-12-10 16:42:45.066 UTC, pEditedAt = 2014-12-20 21:17:50.332 UTC, pId = PersonId 13},Person {pName = PersonName "Han Solo", pHeight = Height 180, pMass = Mass 80.0, pHairColor = [BrownHair], pSkinColor = [FairSkin], pEyeColor = [BrownEye], pBirthYear = BBY 29.0, pGender = Male, pHomeworldId = PlanetId 22, pFilmIds = [FilmId 1,FilmId 2,FilmId 3], pSpeciesIds = [], pVehicleIds = [], pStarshipIds = [StarshipId 10,StarshipId 22], pCreatedAt = 2014-12-10 16:49:14.582 UTC, pEditedAt = 2014-12-20 21:17:50.334 UTC, pId = PersonId 14},Person {pName = PersonName "Greedo", pHeight = Height 173, pMass = Mass 74.0, pHairColor = [NoHairColor], pSkinColor = [GreenSkin], pEyeColor = [BlackEye], pBirthYear = BBY 44.0, pGender = Male, pHomeworldId = PlanetId 23, pFilmIds = [FilmId 1], pSpeciesIds = [SpeciesId 4], pVehicleIds = [], pStarshipIds = [], pCreatedAt = 2014-12-10 17:03:30.334 UTC, pEditedAt = 2014-12-20 21:17:50.336 UTC, pId = PersonId 15},Person {pName = PersonName "Jabba Desilijic Tiure", pHeight = Height 175, pMass = Mass 1358.0, pHairColor = [NoHairColor], pSkinColor = [GreenTanSkin,BrownSkin], pEyeColor = [OrangeEye], pBirthYear = BBY 600.0, pGender = Hermaphrodite, pHomeworldId = PlanetId 24, pFilmIds = [FilmId 1,FilmId 3,FilmId 4], pSpeciesIds = [SpeciesId 5], pVehicleIds = [], pStarshipIds = [], pCreatedAt = 2014-12-10 17:11:31.638 UTC, pEditedAt = 2014-12-20 21:17:50.338 UTC, pId = PersonId 16},Person {pName = PersonName "Wedge Antilles", pHeight = Height 170, pMass = Mass 77.0, pHairColor = [BrownHair], pSkinColor = [FairSkin], pEyeColor = [HazelEye], pBirthYear = BBY 21.0, pGender = Male, pHomeworldId = PlanetId 22, pFilmIds = [FilmId 1,FilmId 2,FilmId 3], pSpeciesIds = [], pVehicleIds = [VehicleId 14], pStarshipIds = [StarshipId 12], pCreatedAt = 2014-12-12 11:08:06.469 UTC, pEditedAt = 2014-12-20 21:17:50.341 UTC, pId = PersonId 18},Person {pName = PersonName "Jek Tono Porkins", pHeight = Height 180, pMass = Mass 110.0, pHairColor = [BrownHair], pSkinColor = [FairSkin], pEyeColor = [BlueEye], pBirthYear = UnknownBirthYear, pGender = Male, pHomeworldId = PlanetId 26, pFilmIds = [FilmId 1], pSpeciesIds = [], pVehicleIds = [], pStarshipIds = [StarshipId 12], pCreatedAt = 2014-12-12 11:16:56.569 UTC, pEditedAt = 2014-12-20 21:17:50.343 UTC, pId = PersonId 19},Person {pName = PersonName "Yoda", pHeight = Height 66, pMass = Mass 17.0, pHairColor = [WhiteHair], pSkinColor = [GreenSkin], pEyeColor = [BrownEye], pBirthYear = BBY 896.0, pGender = Male, pHomeworldId = PlanetId 28, pFilmIds = [FilmId 2,FilmId 3,FilmId 4,FilmId 5,FilmId 6], pSpeciesIds = [SpeciesId 6], pVehicleIds = [], pStarshipIds = [], pCreatedAt = 2014-12-15 12:26:01.042 UTC, pEditedAt = 2014-12-20 21:17:50.345 UTC, pId = PersonId 20},Person {pName = PersonName "Palpatine", pHeight = Height 170, pMass = Mass 75.0, pHairColor = [GreyHair], pSkinColor = [PaleSkin], pEyeColor = [YellowEye], pBirthYear = BBY 82.0, pGender = Male, pHomeworldId = PlanetId 8, pFilmIds = [FilmId 2,FilmId 3,FilmId 4,FilmId 5,FilmId 6], pSpeciesIds = [], pVehicleIds = [], pStarshipIds = [], pCreatedAt = 2014-12-15 12:48:05.971 UTC, pEditedAt = 2014-12-20 21:17:50.347 UTC, pId = PersonId 21}]})